Archive member included to satisfy reference by file (symbol)

C:/Users/David/Documents/Arm/Packs/ARM/CMSIS/5.7.0/CMSIS/DSP/Lib/GCC/libarm_cortexM4lf_math.a(arm_mat_scale_f32.o)
                              ./geometric_transform.o (arm_mat_scale_f32)
C:/Users/David/Documents/Arm/Packs/ARM/CMSIS/5.7.0/CMSIS/DSP/Lib/GCC/libarm_cortexM4lf_math.a(arm_mat_mult_f32.o)
                              ./geometric_transform.o (arm_mat_mult_f32)
C:/Users/David/Documents/Arm/Packs/ARM/CMSIS/5.7.0/CMSIS/DSP/Lib/GCC/libarm_cortexM4lf_math.a(arm_mat_inverse_f32.o)
                              ./geometric_transform.o (arm_mat_inverse_f32)
C:/Users/David/Documents/Arm/Packs/ARM/CMSIS/5.7.0/CMSIS/DSP/Lib/GCC/libarm_cortexM4lf_math.a(arm_mat_init_f32.o)
                              ./geometric_transform.o (arm_mat_init_f32)
C:/Users/David/Documents/Arm/Packs/ARM/CMSIS/5.7.0/CMSIS/DSP/Lib/GCC/libarm_cortexM4lf_math.a(arm_mat_add_f32.o)
                              ./geometric_transform.o (arm_mat_add_f32)
C:/ti/simplelink_msp432e4_sdk_4_20_00_12/source\ti/display/lib/display.am4fg(Display.om4fg)
                              ./fatsdraw_nortos.o (Display_doOpen)
C:/ti/simplelink_msp432e4_sdk_4_20_00_12/source\ti/display/lib/display.am4fg(DisplayUart.om4fg)
                              ./syscfg/ti_drivers_config.o (DisplayUartMin_fxnTable)
C:/ti/simplelink_msp432e4_sdk_4_20_00_12/source\ti/drivers/lib/drivers_msp432e4.am4fg(SDSPI.om4fg)
                              ./syscfg/ti_drivers_config.o (SDSPI_fxnTable)
C:/ti/simplelink_msp432e4_sdk_4_20_00_12/source\ti/drivers/lib/drivers_msp432e4.am4fg(SDFatFS.om4fg)
                              ./fatsdraw_nortos.o (SDFatFS_init)
C:/ti/simplelink_msp432e4_sdk_4_20_00_12/source\ti/drivers/lib/drivers_msp432e4.am4fg(GPIOMSP432E4.om4fg)
                              ./fatsdraw_nortos.o (GPIO_setConfig)
C:/ti/simplelink_msp432e4_sdk_4_20_00_12/source\ti/drivers/lib/drivers_msp432e4.am4fg(PowerMSP432E4.om4fg)
                              ./syscfg/ti_drivers_config.o (Power_init)
C:/ti/simplelink_msp432e4_sdk_4_20_00_12/source\ti/drivers/lib/drivers_msp432e4.am4fg(SPI.om4fg)
                              C:/ti/simplelink_msp432e4_sdk_4_20_00_12/source\ti/drivers/lib/drivers_msp432e4.am4fg(SDSPI.om4fg) (SPI_close)
C:/ti/simplelink_msp432e4_sdk_4_20_00_12/source\ti/drivers/lib/drivers_msp432e4.am4fg(SPIMSP432E4DMA.om4fg)
                              ./syscfg/ti_drivers_config.o (SPIMSP432E4DMA_fxnTable)
C:/ti/simplelink_msp432e4_sdk_4_20_00_12/source\ti/drivers/lib/drivers_msp432e4.am4fg(UART.om4fg)
                              C:/ti/simplelink_msp432e4_sdk_4_20_00_12/source\ti/display/lib/display.am4fg(DisplayUart.om4fg) (UART_close)
C:/ti/simplelink_msp432e4_sdk_4_20_00_12/source\ti/drivers/lib/drivers_msp432e4.am4fg(UARTMSP432E4.om4fg)
                              ./syscfg/ti_drivers_config.o (UARTMSP432E4_fxnTable)
C:/ti/simplelink_msp432e4_sdk_4_20_00_12/source\ti/drivers/lib/drivers_msp432e4.am4fg(SD.om4fg)
                              C:/ti/simplelink_msp432e4_sdk_4_20_00_12/source\ti/drivers/lib/drivers_msp432e4.am4fg(SDFatFS.om4fg) (SD_close)
C:/ti/simplelink_msp432e4_sdk_4_20_00_12/source\ti/drivers/lib/drivers_msp432e4.am4fg(RingBuf.om4fg)
                              C:/ti/simplelink_msp432e4_sdk_4_20_00_12/source\ti/drivers/lib/drivers_msp432e4.am4fg(UARTMSP432E4.om4fg) (RingBuf_construct)
C:/ti/simplelink_msp432e4_sdk_4_20_00_12/source\ti/drivers/lib/drivers_msp432e4.am4fg(UDMAMSP432E4.om4fg)
                              C:/ti/simplelink_msp432e4_sdk_4_20_00_12/source\ti/drivers/lib/drivers_msp432e4.am4fg(SPIMSP432E4DMA.om4fg) (UDMAMSP432E4_close)
C:/ti/simplelink_msp432e4_sdk_4_20_00_12/source\third_party/fatfs/lib/gcc/m4f/fatfs.a(diskio.obj)
                              C:/ti/simplelink_msp432e4_sdk_4_20_00_12/source\ti/drivers/lib/drivers_msp432e4.am4fg(SDFatFS.om4fg) (disk_register)
C:/ti/simplelink_msp432e4_sdk_4_20_00_12/source\third_party/fatfs/lib/gcc/m4f/fatfs.a(ff.obj)
                              C:/ti/simplelink_msp432e4_sdk_4_20_00_12/source\ti/drivers/lib/drivers_msp432e4.am4fg(SDFatFS.om4fg) (f_mount)
C:/ti/simplelink_msp432e4_sdk_4_20_00_12/source\third_party/fatfs/lib/gcc/m4f/fatfs.a(ffsystem.obj)
                              C:/ti/simplelink_msp432e4_sdk_4_20_00_12/source\third_party/fatfs/lib/gcc/m4f/fatfs.a(ff.obj) (ff_cre_syncobj)
C:/ti/simplelink_msp432e4_sdk_4_20_00_12/kernel/nortos\lib/nortos_msp432e4.am4fg(NoRTOS.om4fg)
                              ./main_nortos.o (NoRTOS_start)
C:/ti/simplelink_msp432e4_sdk_4_20_00_12/kernel/nortos\lib/nortos_msp432e4.am4fg(SemaphoreP_nortos.om4fg)
                              C:/ti/simplelink_msp432e4_sdk_4_20_00_12/source\third_party/fatfs/lib/gcc/m4f/fatfs.a(ffsystem.obj) (SemaphoreP_create)
C:/ti/simplelink_msp432e4_sdk_4_20_00_12/kernel/nortos\lib/nortos_msp432e4.am4fg(SystemP_nortos.om4fg)
[...]
Memory Configuration

Name             Origin             Length             Attributes
FLASH            0x00000000         0x00100000         xr
SRAM             0x20000000         0x00040000         xrw
*default*        0x00000000         0xffffffff

Linker script and memory map

LOAD ./syscfg/ti_drivers_config.o
LOAD ./fatsdraw_nortos.o
LOAD ./geometric_transform.o
LOAD ./image_processing.o
LOAD ./main_nortos.o
                0x00000800                STACKSIZE = 0x800
                0x00000000                PROVIDE (_intvecs_base_address = DEFINED (_intvecs_base_address)?_intvecs_base_address:0x0)

.intvecs        0x00000000      0x200
 *(.intvecs)
 .intvecs       0x00000000      0x200 C:/ti/simplelink_msp432e4_sdk_4_20_00_12/kernel/nortos\lib/nortos_msp432e4.am4fg(startup_msp432e4_gcc.om4fg)
                0x00000000                interruptVectors
                0x20000000                PROVIDE (_vtable_base_address = DEFINED (_vtable_base_address)?_vtable_base_address:0x20000000)

.vtable
 *(.vtable)

.text           0x00000200     0x9308
 CREATE_OBJECT_SYMBOLS
 *(.text)
 .text          0x00000200      0x254 c:/ti/ccs1020/ccs/tools/compiler/gcc-arm-none-eabi-9-2019-q4-major/bin/../lib/gcc/arm-none-eabi/9.2.1/thumb/v7e-m+fp/hard\libgcc.a(_arm_muldf3.o)
                0x00000200                __muldf3
                0x00000200                __aeabi_dmul
 .text          0x00000454      0x378 c:/ti/ccs1020/ccs/tools/compiler/gcc-arm-none-eabi-9-2019-q4-major/bin/../lib/gcc/arm-none-eabi/9.2.1/thumb/v7e-m+fp/hard\libgcc.a(_arm_addsubdf3.o)
                0x00000454                __aeabi_drsub
                0x0000045c                __aeabi_dsub
                0x0000045c                __subdf3
                0x00000460                __aeabi_dadd
                0x00000460                __adddf3
                0x000006d8                __floatunsidf
                0x000006d8                __aeabi_ui2d
                0x000006f8                __floatsidf
                0x000006f8                __aeabi_i2d
                0x0000071c                __aeabi_f2d
                0x0000071c                __extendsfdf2
                0x00000760                __floatundidf
                0x00000760                __aeabi_ul2d
                0x00000770                __floatdidf
                0x00000770                __aeabi_l2d
 .text          0x000007cc      0x110 c:/ti/ccs1020/ccs/tools/compiler/gcc-arm-none-eabi-9-2019-q4-major/bin/../lib/gcc/arm-none-eabi/9.2.1/thumb/v7e-m+fp/hard\libgcc.a(_arm_cmpdf2.o)
                0x000007cc                __gtdf2
                0x000007cc                __gedf2
                0x000007d4                __ltdf2
                0x000007d4                __ledf2
                0x000007dc                __nedf2
                0x000007dc                __eqdf2
                0x000007dc                __cmpdf2
                0x00000858                __aeabi_cdrcmple
                0x00000868                __aeabi_cdcmpeq
                0x00000868                __aeabi_cdcmple
                0x00000878                __aeabi_dcmpeq
                0x0000088c                __aeabi_dcmplt
                0x000008a0                __aeabi_dcmple
                0x000008b4                __aeabi_dcmpge
                0x000008c8                __aeabi_dcmpgt
 .text          0x000008dc       0x50 c:/ti/ccs1020/ccs/tools/compiler/gcc-arm-none-eabi-9-2019-q4-major/bin/../lib/gcc/arm-none-eabi/9.2.1/thumb/v7e-m+fp/hard\libgcc.a(_arm_fixdfsi.o)
                0x000008dc                __aeabi_d2iz
                0x000008dc                __fixdfsi
 .text          0x0000092c       0x40 c:/ti/ccs1020/ccs/tools/compiler/gcc-arm-none-eabi-9-2019-q4-major/bin/../lib/gcc/arm-none-eabi/9.2.1/thumb/v7e-m+fp/hard\libgcc.a(_arm_fixunsdfsi.o)
                0x0000092c                __aeabi_d2uiz
                0x0000092c                __fixunsdfsi
 .text          0x0000096c       0xa0 c:/ti/ccs1020/ccs/tools/compiler/gcc-arm-none-eabi-9-2019-q4-major/bin/../lib/gcc/arm-none-eabi/9.2.1/thumb/v7e-m+fp/hard\libgcc.a(_arm_truncdfsf2.o)
                0x0000096c                __truncdfsf2
                0x0000096c                __aeabi_d2f
 .text          0x00000a0c       0x10 c:/ti/ccs1020/ccs/tools/compiler/gcc-arm-none-eabi-9-2019-q4-major/bin/../lib/gcc/arm-none-eabi/9.2.1/../../../../arm-none-eabi/lib/thumb/v7e-m+fp/hard\libc_nano.a(lib_a-strlen.o)
                0x00000a0c                strlen
 *(.text.*)
 .text.dmaErrorFxn
                0x00000a1c       0x16 ./syscfg/ti_drivers_config.o
 .text.Board_initHook
                0x00000a32        0xe ./syscfg/ti_drivers_config.o
                0x00000a32                Board_initHook
 .text.Board_init
                0x00000a40       0x38 ./syscfg/ti_drivers_config.o
                0x00000a40                Board_init
 .text.printDrive
                0x00000a78       0xa8 ./fatsdraw_nortos.o
                0x00000a78                printDrive
 .text.mainThread
                0x00000b20      0x57c ./fatsdraw_nortos.o
                0x00000b20                mainThread
 .text.fatfs_getFatTime
                0x0000109c       0x14 ./fatsdraw_nortos.o
                0x0000109c                fatfs_getFatTime
 .text.calculate_m
                0x000010b0      0xb54 ./geometric_transform.o
                0x000010b0                calculate_m
 .text.image_processing_init
                0x00001c04       0x20 ./image_processing.o
                0x00001c04                image_processing_init
 .text.getColor
                0x00001c24       0xa0 ./image_processing.o
                0x00001c24                getColor
 .text.process_pixel
                0x00001cc4      0x11c ./image_processing.o
                0x00001cc4                process_pixel
 .text.find_borders
                0x00001de0      0x5c0 ./image_processing.o
                0x00001de0                find_borders
 .text.main     0x000023a0       0x14 ./main_nortos.o
                0x000023a0                main
 .text.arm_mat_scale_f32
                0x000023b4       0xa8 C:/Users/David/Documents/Arm/Packs/ARM/CMSIS/5.7.0/CMSIS/DSP/Lib/GCC/libarm_cortexM4lf_math.a(arm_mat_scale_f32.o)
                0x000023b4                arm_mat_scale_f32
 .text.arm_mat_mult_f32
                0x0000245c      0x220 C:/Users/David/Documents/Arm/Packs/ARM/CMSIS/5.7.0/CMSIS/DSP/Lib/GCC/libarm_cortexM4lf_math.a(arm_mat_mult_f32.o)
                0x0000245c                arm_mat_mult_f32
 .text.arm_mat_inverse_f32
                0x0000267c      0x258 C:/Users/David/Documents/Arm/Packs/ARM/CMSIS/5.7.0/CMSIS/DSP/Lib/GCC/libarm_cortexM4lf_math.a(arm_mat_inverse_f32.o)
                0x0000267c                arm_mat_inverse_f32
 .text.arm_mat_init_f32
                0x000028d4        0x8 C:/Users/David/Documents/Arm/Packs/ARM/CMSIS/5.7.0/CMSIS/DSP/Lib/GCC/libarm_cortexM4lf_math.a(arm_mat_init_f32.o)
                0x000028d4                arm_mat_init_f32
 .text.arm_mat_add_f32
                0x000028dc       0xd8 C:/Users/David/Documents/Arm/Packs/ARM/CMSIS/5.7.0/CMSIS/DSP/Lib/GCC/libarm_cortexM4lf_math.a(arm_mat_add_f32.o)
                0x000028dc                arm_mat_add_f32
 .text.Display_doOpen
                0x000029b4       0x60 C:/ti/simplelink_msp432e4_sdk_4_20_00_12/source\ti/display/lib/display.am4fg(Display.om4fg)
                0x000029b4                Display_doOpen
 .text.Display_doPrintf
                0x00002a14       0x24 C:/ti/simplelink_msp432e4_sdk_4_20_00_12/source\ti/display/lib/display.am4fg(Display.om4fg)
                0x00002a14                Display_doPrintf
 .text.Display_doInit
                0x00002a38       0x2c C:/ti/simplelink_msp432e4_sdk_4_20_00_12/source\ti/display/lib/display.am4fg(Display.om4fg)
                0x00002a38                Display_doInit
 .text.DisplayUartMin_init
                0x00002a64        0x4 C:/ti/simplelink_msp432e4_sdk_4_20_00_12/source\ti/display/lib/display.am4fg(DisplayUart.om4fg)
                0x00002a64                DisplayUartMin_init
 .text.DisplayUartMin_clearLines
                0x00002a68        0x4 C:/ti/simplelink_msp432e4_sdk_4_20_00_12/source\ti/display/lib/display.am4fg(DisplayUart.om4fg)
                0x00002a68                DisplayUartMin_clearLines
 .text.DisplayUartMin_control
                0x00002a6c        0x8 C:/ti/simplelink_msp432e4_sdk_4_20_00_12/source\ti/display/lib/display.am4fg(DisplayUart.om4fg)
                0x00002a6c                DisplayUartMin_control
 .text.DisplayUartMin_getType
                0x00002a74        0x8 C:/ti/simplelink_msp432e4_sdk_4_20_00_12/source\ti/display/lib/display.am4fg(DisplayUart.om4fg)
                0x00002a74                DisplayUartMin_getType
 .text.DisplayUartMin_open
                0x00002a7c       0x48 C:/ti/simplelink_msp432e4_sdk_4_20_00_12/source\ti/display/lib/display.am4fg(DisplayUart.om4fg)
                0x00002a7c                DisplayUartMin_open
 .text.DisplayUartMin_vprintf
                0x00002ac4       0x4c C:/ti/simplelink_msp432e4_sdk_4_20_00_12/source\ti/display/lib/display.am4fg(DisplayUart.om4fg)
                0x00002ac4                DisplayUartMin_vprintf
 .text.DisplayUartMin_close
                0x00002b10       0x18 C:/ti/simplelink_msp432e4_sdk_4_20_00_12/source\ti/display/lib/display.am4fg(DisplayUart.om4fg)
                0x00002b10                DisplayUartMin_close
 .text.DisplayUartMin_clear
                0x00002b28        0x4 C:/ti/simplelink_msp432e4_sdk_4_20_00_12/source\ti/display/lib/display.am4fg(DisplayUart.om4fg)
                0x00002b28                DisplayUartMin_clear
 .text.SDSPI_control
                0x00002b2c        0x8 C:/ti/simplelink_msp432e4_sdk_4_20_00_12/source\ti/drivers/lib/drivers_msp432e4.am4fg(SDSPI.om4fg)
                0x00002b2c                SDSPI_control
 .text.SDSPI_getSectorSize
                0x00002b34        0x8 C:/ti/simplelink_msp432e4_sdk_4_20_00_12/source\ti/drivers/lib/drivers_msp432e4.am4fg(SDSPI.om4fg)
                0x00002b34                SDSPI_getSectorSize
 .text.SDSPI_close
                0x00002b3c       0x24 C:/ti/simplelink_msp432e4_sdk_4_20_00_12/source\ti/drivers/lib/drivers_msp432e4.am4fg(SDSPI.om4fg)
                0x00002b3c                SDSPI_close
 .text.waitUntilReady
                0x00002b60       0x6c C:/ti/simplelink_msp432e4_sdk_4_20_00_12/source\ti/drivers/lib/drivers_msp432e4.am4fg(SDSPI.om4fg)
 .text.sendCmd  0x00002bcc      0x10c C:/ti/simplelink_msp432e4_sdk_4_20_00_12/source\ti/drivers/lib/drivers_msp432e4.am4fg(SDSPI.om4fg)
 .text.recvDataBlock
                0x00002cd8       0xa0 C:/ti/simplelink_msp432e4_sdk_4_20_00_12/source\ti/drivers/lib/drivers_msp432e4.am4fg(SDSPI.om4fg)
 .text.SDSPI_getNumSectors
                0x00002d78       0xa8 C:/ti/simplelink_msp432e4_sdk_4_20_00_12/source\ti/drivers/lib/drivers_msp432e4.am4fg(SDSPI.om4fg)
                0x00002d78                SDSPI_getNumSectors
 .text.SDSPI_read
                0x00002e20       0xdc C:/ti/simplelink_msp432e4_sdk_4_20_00_12/source\ti/drivers/lib/drivers_msp432e4.am4fg(SDSPI.om4fg)
                0x00002e20                SDSPI_read
 .text.transmitDataBlock
                0x00002efc       0xa4 C:/ti/simplelink_msp432e4_sdk_4_20_00_12/source\ti/drivers/lib/drivers_msp432e4.am4fg(SDSPI.om4fg)
 .text.SDSPI_write
                0x00002fa0      0x10c C:/ti/simplelink_msp432e4_sdk_4_20_00_12/source\ti/drivers/lib/drivers_msp432e4.am4fg(SDSPI.om4fg)
                0x00002fa0                SDSPI_write
 .text.SDSPI_init
                0x000030ac       0x10 C:/ti/simplelink_msp432e4_sdk_4_20_00_12/source\ti/drivers/lib/drivers_msp432e4.am4fg(SDSPI.om4fg)
                0x000030ac                SDSPI_init
 .text.SDSPI_initialize
                0x000030bc      0x250 C:/ti/simplelink_msp432e4_sdk_4_20_00_12/source\ti/drivers/lib/drivers_msp432e4.am4fg(SDSPI.om4fg)
                0x000030bc                SDSPI_initialize
 .text.SDSPI_open
                0x0000330c       0x88 C:/ti/simplelink_msp432e4_sdk_4_20_00_12/source\ti/drivers/lib/drivers_msp432e4.am4fg(SDSPI.om4fg)
                0x0000330c                SDSPI_open
 .text.SDFatFS_diskStatus
                0x00003394       0x10 C:/ti/simplelink_msp432e4_sdk_4_20_00_12/source\ti/drivers/lib/drivers_msp432e4.am4fg(SDFatFS.om4fg)
                0x00003394                SDFatFS_diskStatus
 .text.SDFatFS_diskInitialize
                0x000033a4       0x28 C:/ti/simplelink_msp432e4_sdk_4_20_00_12/source\ti/drivers/lib/drivers_msp432e4.am4fg(SDFatFS.om4fg)
                0x000033a4                SDFatFS_diskInitialize
 .text.SDFatFS_diskIOctrl
                0x000033cc       0x40 C:/ti/simplelink_msp432e4_sdk_4_20_00_12/source\ti/drivers/lib/drivers_msp432e4.am4fg(SDFatFS.om4fg)
                0x000033cc                SDFatFS_diskIOctrl
 .text.SDFatFS_diskRead
                0x0000340c       0x28 C:/ti/simplelink_msp432e4_sdk_4_20_00_12/source\ti/drivers/lib/drivers_msp432e4.am4fg(SDFatFS.om4fg)
                0x0000340c                SDFatFS_diskRead
 .text.SDFatFS_diskWrite
                0x00003434       0x28 C:/ti/simplelink_msp432e4_sdk_4_20_00_12/source\ti/drivers/lib/drivers_msp432e4.am4fg(SDFatFS.om4fg)
                0x00003434                SDFatFS_diskWrite
 .text.SDFatFS_close
                0x0000345c       0x3c C:/ti/simplelink_msp432e4_sdk_4_20_00_12/source\ti/drivers/lib/drivers_msp432e4.am4fg(SDFatFS.om4fg)
                0x0000345c                SDFatFS_close
 .text.SDFatFS_init
                0x00003498       0x54 C:/ti/simplelink_msp432e4_sdk_4_20_00_12/source\ti/drivers/lib/drivers_msp432e4.am4fg(SDFatFS.om4fg)
                0x00003498                SDFatFS_init
 .text.SDFatFS_open
                0x000034ec       0xe8 C:/ti/simplelink_msp432e4_sdk_4_20_00_12/source\ti/drivers/lib/drivers_msp432e4.am4fg(SDFatFS.om4fg)
                0x000034ec                SDFatFS_open
 .text.GPIO_hwiIntFxn
                0x000035d4       0x60 C:/ti/simplelink_msp432e4_sdk_4_20_00_12/source\ti/drivers/lib/drivers_msp432e4.am4fg(GPIOMSP432E4.om4fg)
                0x000035d4                GPIO_hwiIntFxn
 .text.GPIO_setCallback
                0x00003634       0x5c C:/ti/simplelink_msp432e4_sdk_4_20_00_12/source\ti/drivers/lib/drivers_msp432e4.am4fg(GPIOMSP432E4.om4fg)
                0x00003634                GPIO_setCallback
 .text.GPIO_setConfig
                0x00003690      0x1c4 C:/ti/simplelink_msp432e4_sdk_4_20_00_12/source\ti/drivers/lib/drivers_msp432e4.am4fg(GPIOMSP432E4.om4fg)
                0x00003690                GPIO_setConfig
 .text.GPIO_init
                0x00003854       0xdc C:/ti/simplelink_msp432e4_sdk_4_20_00_12/source\ti/drivers/lib/drivers_msp432e4.am4fg(GPIOMSP432E4.om4fg)
                0x00003854                GPIO_init
 .text.GPIO_write
                0x00003930       0x50 C:/ti/simplelink_msp432e4_sdk_4_20_00_12/source\ti/drivers/lib/drivers_msp432e4.am4fg(GPIOMSP432E4.om4fg)
                0x00003930                GPIO_write
 .text.GPIOMSP432E4_getGpioBaseAddr
                0x00003980       0x14 C:/ti/simplelink_msp432e4_sdk_4_20_00_12/source\ti/drivers/lib/drivers_msp432e4.am4fg(GPIOMSP432E4.om4fg)
                0x00003980                GPIOMSP432E4_getGpioBaseAddr
 .text.GPIOMSP432E4_getPowerResourceId
                0x00003994       0x14 C:/ti/simplelink_msp432e4_sdk_4_20_00_12/source\ti/drivers/lib/drivers_msp432e4.am4fg(GPIOMSP432E4.om4fg)
                0x00003994                GPIOMSP432E4_getPowerResourceId
 .text.GPIOMSP432E4_undoPinConfig
                0x000039a8       0x4c C:/ti/simplelink_msp432e4_sdk_4_20_00_12/source\ti/drivers/lib/drivers_msp432e4.am4fg(GPIOMSP432E4.om4fg)
                0x000039a8                GPIOMSP432E4_undoPinConfig
 .text.Power_disablePolicy
                0x000039f4       0x14 C:/ti/simplelink_msp432e4_sdk_4_20_00_12/source\ti/drivers/lib/drivers_msp432e4.am4fg(PowerMSP432E4.om4fg)
                0x000039f4                Power_disablePolicy
 .text.Power_enablePolicy
                0x00003a08       0x10 C:/ti/simplelink_msp432e4_sdk_4_20_00_12/source\ti/drivers/lib/drivers_msp432e4.am4fg(PowerMSP432E4.om4fg)
                0x00003a08                Power_enablePolicy
 .text.Power_idleFunc
                0x00003a18       0x18 C:/ti/simplelink_msp432e4_sdk_4_20_00_12/source\ti/drivers/lib/drivers_msp432e4.am4fg(PowerMSP432E4.om4fg)
                0x00003a18                Power_idleFunc
 .text.Power_init
                0x00003a30       0x68 C:/ti/simplelink_msp432e4_sdk_4_20_00_12/source\ti/drivers/lib/drivers_msp432e4.am4fg(PowerMSP432E4.om4fg)
                0x00003a30                Power_init
 .text.Power_releaseDependency
                0x00003a98       0x74 C:/ti/simplelink_msp432e4_sdk_4_20_00_12/source\ti/drivers/lib/drivers_msp432e4.am4fg(PowerMSP432E4.om4fg)
                0x00003a98                Power_releaseDependency
 .text.Power_setDependency
                0x00003b0c       0x6c C:/ti/simplelink_msp432e4_sdk_4_20_00_12/source\ti/drivers/lib/drivers_msp432e4.am4fg(PowerMSP432E4.om4fg)
                0x00003b0c                Power_setDependency
 .text.SPI_close
                0x00003b78        0x8 C:/ti/simplelink_msp432e4_sdk_4_20_00_12/source\ti/drivers/lib/drivers_msp432e4.am4fg(SPI.om4fg)
                0x00003b78                SPI_close
 .text.SPI_init
                0x00003b80       0x4c C:/ti/simplelink_msp432e4_sdk_4_20_00_12/source\ti/drivers/lib/drivers_msp432e4.am4fg(SPI.om4fg)
                0x00003b80                SPI_init
 .text.SPI_open
                0x00003bcc       0x44 C:/ti/simplelink_msp432e4_sdk_4_20_00_12/source\ti/drivers/lib/drivers_msp432e4.am4fg(SPI.om4fg)
                0x00003bcc                SPI_open
 .text.SPI_Params_init
                0x00003c10       0x1c C:/ti/simplelink_msp432e4_sdk_4_20_00_12/source\ti/drivers/lib/drivers_msp432e4.am4fg(SPI.om4fg)
                0x00003c10                SPI_Params_init
 .text.SPI_transfer
                0x00003c2c        0x8 C:/ti/simplelink_msp432e4_sdk_4_20_00_12/source\ti/drivers/lib/drivers_msp432e4.am4fg(SPI.om4fg)
                0x00003c2c                SPI_transfer
 .text.SPIMSP432E4DMA_control
                0x00003c34        0x8 C:/ti/simplelink_msp432e4_sdk_4_20_00_12/source\ti/drivers/lib/drivers_msp432e4.am4fg(SPIMSP432E4DMA.om4fg)
                0x00003c34                SPIMSP432E4DMA_control
 .text.SPIMSP432E4DMA_close
                0x00003c3c       0xd4 C:/ti/simplelink_msp432e4_sdk_4_20_00_12/source\ti/drivers/lib/drivers_msp432e4.am4fg(SPIMSP432E4DMA.om4fg)
                0x00003c3c                SPIMSP432E4DMA_close
 .text.SPIMSP432E4DMA_init
                0x00003d10        0x4 C:/ti/simplelink_msp432e4_sdk_4_20_00_12/source\ti/drivers/lib/drivers_msp432e4.am4fg(SPIMSP432E4DMA.om4fg)
                0x00003d10                SPIMSP432E4DMA_init
 .text.blockingTransferCallback
                0x00003d14        0x8 C:/ti/simplelink_msp432e4_sdk_4_20_00_12/source\ti/drivers/lib/drivers_msp432e4.am4fg(SPIMSP432E4DMA.om4fg)
 .text.configNextTransfer
                0x00003d1c      0x120 C:/ti/simplelink_msp432e4_sdk_4_20_00_12/source\ti/drivers/lib/drivers_msp432e4.am4fg(SPIMSP432E4DMA.om4fg)
 .text.SPIMSP432E4DMA_hwiFxn
                0x00003e3c       0xfc C:/ti/simplelink_msp432e4_sdk_4_20_00_12/source\ti/drivers/lib/drivers_msp432e4.am4fg(SPIMSP432E4DMA.om4fg)
 .text.initHw   0x00003f38       0x9c C:/ti/simplelink_msp432e4_sdk_4_20_00_12/source\ti/drivers/lib/drivers_msp432e4.am4fg(SPIMSP432E4DMA.om4fg)
 .text.SPIMSP432E4DMA_open
                0x00003fd4      0x250 C:/ti/simplelink_msp432e4_sdk_4_20_00_12/source\ti/drivers/lib/drivers_msp432e4.am4fg(SPIMSP432E4DMA.om4fg)
                0x00003fd4                SPIMSP432E4DMA_open
 .text.SPIMSP432E4DMA_transferCancel
                0x00004224      0x14c C:/ti/simplelink_msp432e4_sdk_4_20_00_12/source\ti/drivers/lib/drivers_msp432e4.am4fg(SPIMSP432E4DMA.om4fg)
                0x00004224                SPIMSP432E4DMA_transferCancel
 .text.SPIMSP432E4DMA_transfer
                0x00004370      0x20c C:/ti/simplelink_msp432e4_sdk_4_20_00_12/source\ti/drivers/lib/drivers_msp432e4.am4fg(SPIMSP432E4DMA.om4fg)
                0x00004370                SPIMSP432E4DMA_transfer
 .text.UART_close
                0x0000457c        0x8 C:/ti/simplelink_msp432e4_sdk_4_20_00_12/source\ti/drivers/lib/drivers_msp432e4.am4fg(UART.om4fg)
                0x0000457c                UART_close
 .text.UART_control
                0x00004584        0x8 C:/ti/simplelink_msp432e4_sdk_4_20_00_12/source\ti/drivers/lib/drivers_msp432e4.am4fg(UART.om4fg)
                0x00004584                UART_control
 .text.UART_init
                0x0000458c       0x4c C:/ti/simplelink_msp432e4_sdk_4_20_00_12/source\ti/drivers/lib/drivers_msp432e4.am4fg(UART.om4fg)
                0x0000458c                UART_init
 .text.UART_open
                0x000045d8       0x44 C:/ti/simplelink_msp432e4_sdk_4_20_00_12/source\ti/drivers/lib/drivers_msp432e4.am4fg(UART.om4fg)
                0x000045d8                UART_open
 .text.UART_Params_init
                0x0000461c       0x1c C:/ti/simplelink_msp432e4_sdk_4_20_00_12/source\ti/drivers/lib/drivers_msp432e4.am4fg(UART.om4fg)
                0x0000461c                UART_Params_init
 .text.UART_write
                0x00004638        0x8 C:/ti/simplelink_msp432e4_sdk_4_20_00_12/source\ti/drivers/lib/drivers_msp432e4.am4fg(UART.om4fg)
                0x00004638                UART_write
 .text.UARTMSP432E4_init
                0x00004640        0x4 C:/ti/simplelink_msp432e4_sdk_4_20_00_12/source\ti/drivers/lib/drivers_msp432e4.am4fg(UARTMSP432E4.om4fg)
                0x00004640                UARTMSP432E4_init
 .text.getPowerResourceId
                0x00004644       0x78 C:/ti/simplelink_msp432e4_sdk_4_20_00_12/source\ti/drivers/lib/drivers_msp432e4.am4fg(UARTMSP432E4.om4fg)
 .text.UARTMSP432E4_close
                0x000046bc       0xb4 C:/ti/simplelink_msp432e4_sdk_4_20_00_12/source\ti/drivers/lib/drivers_msp432e4.am4fg(UARTMSP432E4.om4fg)
                0x000046bc                UARTMSP432E4_close
 .text.UARTMSP432E4_control
                0x00004770       0x9c C:/ti/simplelink_msp432e4_sdk_4_20_00_12/source\ti/drivers/lib/drivers_msp432e4.am4fg(UARTMSP432E4.om4fg)
                0x00004770                UARTMSP432E4_control
 .text.UARTMSP432E4_read
                0x0000480c       0x40 C:/ti/simplelink_msp432e4_sdk_4_20_00_12/source\ti/drivers/lib/drivers_msp432e4.am4fg(UARTMSP432E4.om4fg)
                0x0000480c                UARTMSP432E4_read
 .text.UARTMSP432E4_readCancel
                0x0000484c       0x38 C:/ti/simplelink_msp432e4_sdk_4_20_00_12/source\ti/drivers/lib/drivers_msp432e4.am4fg(UARTMSP432E4.om4fg)
                0x0000484c                UARTMSP432E4_readCancel
 .text.UARTMSP432E4_writeCancel
                0x00004884       0x4c C:/ti/simplelink_msp432e4_sdk_4_20_00_12/source\ti/drivers/lib/drivers_msp432e4.am4fg(UARTMSP432E4.om4fg)
                0x00004884                UARTMSP432E4_writeCancel
 .text.UARTMSP432E4_open
                0x000048d0      0x324 C:/ti/simplelink_msp432e4_sdk_4_20_00_12/source\ti/drivers/lib/drivers_msp432e4.am4fg(UARTMSP432E4.om4fg)
                0x000048d0                UARTMSP432E4_open
 .text.readBlockingTimeout
                0x00004bf4       0x10 C:/ti/simplelink_msp432e4_sdk_4_20_00_12/source\ti/drivers/lib/drivers_msp432e4.am4fg(UARTMSP432E4.om4fg)
 .text.readSemCallback
                0x00004c04        0x8 C:/ti/simplelink_msp432e4_sdk_4_20_00_12/source\ti/drivers/lib/drivers_msp432e4.am4fg(UARTMSP432E4.om4fg)
 .text.writeSemCallback
                0x00004c0c        0x8 C:/ti/simplelink_msp432e4_sdk_4_20_00_12/source\ti/drivers/lib/drivers_msp432e4.am4fg(UARTMSP432E4.om4fg)
 .text.writeData
                0x00004c14       0x90 C:/ti/simplelink_msp432e4_sdk_4_20_00_12/source\ti/drivers/lib/drivers_msp432e4.am4fg(UARTMSP432E4.om4fg)
 .text.UARTMSP432E4_hwiIntFxn
                0x00004ca4       0x58 C:/ti/simplelink_msp432e4_sdk_4_20_00_12/source\ti/drivers/lib/drivers_msp432e4.am4fg(UARTMSP432E4.om4fg)
 .text.UARTMSP432E4_writePolling
                0x00004cfc       0x5c C:/ti/simplelink_msp432e4_sdk_4_20_00_12/source\ti/drivers/lib/drivers_msp432e4.am4fg(UARTMSP432E4.om4fg)
                0x00004cfc                UARTMSP432E4_writePolling
 .text.readIsrTextBlocking
                0x00004d58       0xb8 C:/ti/simplelink_msp432e4_sdk_4_20_00_12/source\ti/drivers/lib/drivers_msp432e4.am4fg(UARTMSP432E4.om4fg)
 .text.readIsrBinaryBlocking
                0x00004e10       0x7c C:/ti/simplelink_msp432e4_sdk_4_20_00_12/source\ti/drivers/lib/drivers_msp432e4.am4fg(UARTMSP432E4.om4fg)
 .text.UARTMSP432E4_write
                0x00004e8c       0xb8 C:/ti/simplelink_msp432e4_sdk_4_20_00_12/source\ti/drivers/lib/drivers_msp432e4.am4fg(UARTMSP432E4.om4fg)
                0x00004e8c                UARTMSP432E4_write
 .text.ringBufGet.isra.0
                0x00004f44       0x64 C:/ti/simplelink_msp432e4_sdk_4_20_00_12/source\ti/drivers/lib/drivers_msp432e4.am4fg(UARTMSP432E4.om4fg)
 .text.readTaskCallback
                0x00004fa8       0xc8 C:/ti/simplelink_msp432e4_sdk_4_20_00_12/source\ti/drivers/lib/drivers_msp432e4.am4fg(UARTMSP432E4.om4fg)
 .text.readIsrTextCallback
                0x00005070       0x9c C:/ti/simplelink_msp432e4_sdk_4_20_00_12/source\ti/drivers/lib/drivers_msp432e4.am4fg(UARTMSP432E4.om4fg)
 .text.readIsrBinaryCallback
                0x0000510c       0x78 C:/ti/simplelink_msp432e4_sdk_4_20_00_12/source\ti/drivers/lib/drivers_msp432e4.am4fg(UARTMSP432E4.om4fg)
 .text.readTaskBlocking
                0x00005184       0xb0 C:/ti/simplelink_msp432e4_sdk_4_20_00_12/source\ti/drivers/lib/drivers_msp432e4.am4fg(UARTMSP432E4.om4fg)
 .text.UARTMSP432E4_readPolling
                0x00005234       0xac C:/ti/simplelink_msp432e4_sdk_4_20_00_12/source\ti/drivers/lib/drivers_msp432e4.am4fg(UARTMSP432E4.om4fg)
                0x00005234                UARTMSP432E4_readPolling
 .text.SD_close
                0x000052e0        0x8 C:/ti/simplelink_msp432e4_sdk_4_20_00_12/source\ti/drivers/lib/drivers_msp432e4.am4fg(SD.om4fg)
                0x000052e0                SD_close
 .text.SD_getNumSectors
                0x000052e8        0x8 C:/ti/simplelink_msp432e4_sdk_4_20_00_12/source\ti/drivers/lib/drivers_msp432e4.am4fg(SD.om4fg)
                0x000052e8                SD_getNumSectors
 .text.SD_getSectorSize
                0x000052f0        0x8 C:/ti/simplelink_msp432e4_sdk_4_20_00_12/source\ti/drivers/lib/drivers_msp432e4.am4fg(SD.om4fg)
                0x000052f0                SD_getSectorSize
 .text.SD_init  0x000052f8       0x4c C:/ti/simplelink_msp432e4_sdk_4_20_00_12/source\ti/drivers/lib/drivers_msp432e4.am4fg(SD.om4fg)
                0x000052f8                SD_init
 .text.SD_initialize
                0x00005344        0x8 C:/ti/simplelink_msp432e4_sdk_4_20_00_12/source\ti/drivers/lib/drivers_msp432e4.am4fg(SD.om4fg)
                0x00005344                SD_initialize
 .text.SD_open  0x0000534c       0x44 C:/ti/simplelink_msp432e4_sdk_4_20_00_12/source\ti/drivers/lib/drivers_msp432e4.am4fg(SD.om4fg)
                0x0000534c                SD_open
 .text.SD_read  0x00005390       0x10 C:/ti/simplelink_msp432e4_sdk_4_20_00_12/source\ti/drivers/lib/drivers_msp432e4.am4fg(SD.om4fg)
                0x00005390                SD_read
 .text.SD_write
                0x000053a0       0x10 C:/ti/simplelink_msp432e4_sdk_4_20_00_12/source\ti/drivers/lib/drivers_msp432e4.am4fg(SD.om4fg)
                0x000053a0                SD_write
 .text.RingBuf_construct
                0x000053b0       0x14 C:/ti/simplelink_msp432e4_sdk_4_20_00_12/source\ti/drivers/lib/drivers_msp432e4.am4fg(RingBuf.om4fg)
                0x000053b0                RingBuf_construct
 .text.RingBuf_get
                0x000053c4       0x40 C:/ti/simplelink_msp432e4_sdk_4_20_00_12/source\ti/drivers/lib/drivers_msp432e4.am4fg(RingBuf.om4fg)
                0x000053c4                RingBuf_get
 .text.RingBuf_isFull
                0x00005404       0x10 C:/ti/simplelink_msp432e4_sdk_4_20_00_12/source\ti/drivers/lib/drivers_msp432e4.am4fg(RingBuf.om4fg)
                0x00005404                RingBuf_isFull
 .text.RingBuf_peek
                0x00005414       0x1c C:/ti/simplelink_msp432e4_sdk_4_20_00_12/source\ti/drivers/lib/drivers_msp432e4.am4fg(RingBuf.om4fg)
                0x00005414                RingBuf_peek
 .text.RingBuf_put
                0x00005430       0x48 C:/ti/simplelink_msp432e4_sdk_4_20_00_12/source\ti/drivers/lib/drivers_msp432e4.am4fg(RingBuf.om4fg)
                0x00005430                RingBuf_put
 .text.UDMAMSP432E4_close
                0x00005478        0x8 C:/ti/simplelink_msp432e4_sdk_4_20_00_12/source\ti/drivers/lib/drivers_msp432e4.am4fg(UDMAMSP432E4.om4fg)
                0x00005478                UDMAMSP432E4_close
 .text.UDMAMSP432E4_init
                0x00005480       0x40 C:/ti/simplelink_msp432e4_sdk_4_20_00_12/source\ti/drivers/lib/drivers_msp432e4.am4fg(UDMAMSP432E4.om4fg)
                0x00005480                UDMAMSP432E4_init
 .text.UDMAMSP432E4_open
                0x000054c0       0x68 C:/ti/simplelink_msp432e4_sdk_4_20_00_12/source\ti/drivers/lib/drivers_msp432e4.am4fg(UDMAMSP432E4.om4fg)
                0x000054c0                UDMAMSP432E4_open
 .text.disk_register
                0x00005528       0x30 C:/ti/simplelink_msp432e4_sdk_4_20_00_12/source\third_party/fatfs/lib/gcc/m4f/fatfs.a(diskio.obj)
                0x00005528                disk_register
 .text.disk_unregister
                0x00005558       0x28 C:/ti/simplelink_msp432e4_sdk_4_20_00_12/source\third_party/fatfs/lib/gcc/m4f/fatfs.a(diskio.obj)
                0x00005558                disk_unregister
 .text.disk_status
                0x00005580       0x18 C:/ti/simplelink_msp432e4_sdk_4_20_00_12/source\third_party/fatfs/lib/gcc/m4f/fatfs.a(diskio.obj)
                0x00005580                disk_status
 .text.disk_initialize
                0x00005598       0x18 C:/ti/simplelink_msp432e4_sdk_4_20_00_12/source\third_party/fatfs/lib/gcc/m4f/fatfs.a(diskio.obj)
                0x00005598                disk_initialize
 .text.disk_read
                0x000055b0       0x20 C:/ti/simplelink_msp432e4_sdk_4_20_00_12/source\third_party/fatfs/lib/gcc/m4f/fatfs.a(diskio.obj)
                0x000055b0                disk_read
 .text.disk_write
                0x000055d0       0x20 C:/ti/simplelink_msp432e4_sdk_4_20_00_12/source\third_party/fatfs/lib/gcc/m4f/fatfs.a(diskio.obj)
                0x000055d0                disk_write
 .text.disk_ioctl
                0x000055f0       0x24 C:/ti/simplelink_msp432e4_sdk_4_20_00_12/source\third_party/fatfs/lib/gcc/m4f/fatfs.a(diskio.obj)
                0x000055f0                disk_ioctl
 .text.get_fattime
                0x00005614        0x4 C:/ti/simplelink_msp432e4_sdk_4_20_00_12/source\third_party/fatfs/lib/gcc/m4f/fatfs.a(diskio.obj)
                0x00005614                get_fattime
 .text.get_ldnumber
                0x00005618       0x48 C:/ti/simplelink_msp432e4_sdk_4_20_00_12/source\third_party/fatfs/lib/gcc/m4f/fatfs.a(ff.obj)
 .text.mem_cpy.part.0
                0x00005660       0x14 C:/ti/simplelink_msp432e4_sdk_4_20_00_12/source\third_party/fatfs/lib/gcc/m4f/fatfs.a(ff.obj)
 .text.sync_window.part.0
                0x00005674       0x44 C:/ti/simplelink_msp432e4_sdk_4_20_00_12/source\third_party/fatfs/lib/gcc/m4f/fatfs.a(ff.obj)
 .text.dir_clear
                0x000056b8       0x70 C:/ti/simplelink_msp432e4_sdk_4_20_00_12/source\third_party/fatfs/lib/gcc/m4f/fatfs.a(ff.obj)
 .text.sync_fs  0x00005728       0xc0 C:/ti/simplelink_msp432e4_sdk_4_20_00_12/source\third_party/fatfs/lib/gcc/m4f/fatfs.a(ff.obj)
 .text.move_window.part.0
                0x000057e8       0x30 C:/ti/simplelink_msp432e4_sdk_4_20_00_12/source\third_party/fatfs/lib/gcc/m4f/fatfs.a(ff.obj)
 .text.check_fs
                0x00005818       0x98 C:/ti/simplelink_msp432e4_sdk_4_20_00_12/source\third_party/fatfs/lib/gcc/m4f/fatfs.a(ff.obj)
 .text.find_volume
                0x000058b0      0x35c C:/ti/simplelink_msp432e4_sdk_4_20_00_12/source\third_party/fatfs/lib/gcc/m4f/fatfs.a(ff.obj)
 .text.put_fat.part.0
                0x00005c0c      0x138 C:/ti/simplelink_msp432e4_sdk_4_20_00_12/source\third_party/fatfs/lib/gcc/m4f/fatfs.a(ff.obj)
 .text.get_fat.isra.0
                0x00005d44       0xd8 C:/ti/simplelink_msp432e4_sdk_4_20_00_12/source\third_party/fatfs/lib/gcc/m4f/fatfs.a(ff.obj)
 .text.create_chain
                0x00005e1c      0x11c C:/ti/simplelink_msp432e4_sdk_4_20_00_12/source\third_party/fatfs/lib/gcc/m4f/fatfs.a(ff.obj)
 .text.remove_chain
                0x00005f38       0x88 C:/ti/simplelink_msp432e4_sdk_4_20_00_12/source\third_party/fatfs/lib/gcc/m4f/fatfs.a(ff.obj)
 .text.dir_next
                0x00005fc0       0xc0 C:/ti/simplelink_msp432e4_sdk_4_20_00_12/source\third_party/fatfs/lib/gcc/m4f/fatfs.a(ff.obj)
 .text.unlock_fs.part.0
                0x00006080        0xc C:/ti/simplelink_msp432e4_sdk_4_20_00_12/source\third_party/fatfs/lib/gcc/m4f/fatfs.a(ff.obj)
 .text.dir_sdi.constprop.0
                0x0000608c       0x70 C:/ti/simplelink_msp432e4_sdk_4_20_00_12/source\third_party/fatfs/lib/gcc/m4f/fatfs.a(ff.obj)
 .text.dir_register
                0x000060fc       0x7c C:/ti/simplelink_msp432e4_sdk_4_20_00_12/source\third_party/fatfs/lib/gcc/m4f/fatfs.a(ff.obj)
 .text.follow_path
                0x00006178      0x214 C:/ti/simplelink_msp432e4_sdk_4_20_00_12/source\third_party/fatfs/lib/gcc/m4f/fatfs.a(ff.obj)
 .text.validate
                0x0000638c       0x4c C:/ti/simplelink_msp432e4_sdk_4_20_00_12/source\third_party/fatfs/lib/gcc/m4f/fatfs.a(ff.obj)
 .text.f_mount  0x000063d8       0x84 C:/ti/simplelink_msp432e4_sdk_4_20_00_12/source\third_party/fatfs/lib/gcc/m4f/fatfs.a(ff.obj)
                0x000063d8                f_mount
 .text.f_open   0x0000645c      0x2b8 C:/ti/simplelink_msp432e4_sdk_4_20_00_12/source\third_party/fatfs/lib/gcc/m4f/fatfs.a(ff.obj)
                0x0000645c                f_open
 .text.f_read   0x00006714      0x1d4 C:/ti/simplelink_msp432e4_sdk_4_20_00_12/source\third_party/fatfs/lib/gcc/m4f/fatfs.a(ff.obj)
                0x00006714                f_read
 .text.f_write  0x000068e8      0x200 C:/ti/simplelink_msp432e4_sdk_4_20_00_12/source\third_party/fatfs/lib/gcc/m4f/fatfs.a(ff.obj)
                0x000068e8                f_write
 .text.f_sync   0x00006ae8       0xf0 C:/ti/simplelink_msp432e4_sdk_4_20_00_12/source\third_party/fatfs/lib/gcc/m4f/fatfs.a(ff.obj)
                0x00006ae8                f_sync
 .text.f_lseek  0x00006bd8      0x1c4 C:/ti/simplelink_msp432e4_sdk_4_20_00_12/source\third_party/fatfs/lib/gcc/m4f/fatfs.a(ff.obj)
                0x00006bd8                f_lseek
 .text.f_getfree
                0x00006d9c      0x148 C:/ti/simplelink_msp432e4_sdk_4_20_00_12/source\third_party/fatfs/lib/gcc/m4f/fatfs.a(ff.obj)
                0x00006d9c                f_getfree
 .text.ff_cre_syncobj
                0x00006ee4       0x18 C:/ti/simplelink_msp432e4_sdk_4_20_00_12/source\third_party/fatfs/lib/gcc/m4f/fatfs.a(ffsystem.obj)
                0x00006ee4                ff_cre_syncobj
 .text.ff_del_syncobj
                0x00006efc        0xc C:/ti/simplelink_msp432e4_sdk_4_20_00_12/source\third_party/fatfs/lib/gcc/m4f/fatfs.a(ffsystem.obj)
                0x00006efc                ff_del_syncobj
 .text.ff_req_grant
                0x00006f08       0x14 C:/ti/simplelink_msp432e4_sdk_4_20_00_12/source\third_party/fatfs/lib/gcc/m4f/fatfs.a(ffsystem.obj)
                0x00006f08                ff_req_grant
 .text.ff_rel_grant
                0x00006f1c        0x4 C:/ti/simplelink_msp432e4_sdk_4_20_00_12/source\third_party/fatfs/lib/gcc/m4f/fatfs.a(ffsystem.obj)
                0x00006f1c                ff_rel_grant
 .text.NoRTOS_start
                0x00006f20        0x4 C:/ti/simplelink_msp432e4_sdk_4_20_00_12/kernel/nortos\lib/nortos_msp432e4.am4fg(NoRTOS.om4fg)
                0x00006f20                NoRTOS_start
 .text.clkFxn   0x00006f24        0x4 C:/ti/simplelink_msp432e4_sdk_4_20_00_12/kernel/nortos\lib/nortos_msp432e4.am4fg(SemaphoreP_nortos.om4fg)
                0x00006f24                clkFxn
 .text.SemaphoreP_construct
                0x00006f28       0x60 C:/ti/simplelink_msp432e4_sdk_4_20_00_12/kernel/nortos\lib/nortos_msp432e4.am4fg(SemaphoreP_nortos.om4fg)
                0x00006f28                SemaphoreP_construct
 .text.SemaphoreP_create
                0x00006f88       0x1c C:/ti/simplelink_msp432e4_sdk_4_20_00_12/kernel/nortos\lib/nortos_msp432e4.am4fg(SemaphoreP_nortos.om4fg)
                0x00006f88                SemaphoreP_create
 .text.SemaphoreP_createBinary
                0x00006fa4       0x30 C:/ti/simplelink_msp432e4_sdk_4_20_00_12/kernel/nortos\lib/nortos_msp432e4.am4fg(SemaphoreP_nortos.om4fg)
                0x00006fa4                SemaphoreP_createBinary
 .text.SemaphoreP_delete
                0x00006fd4        0x4 C:/ti/simplelink_msp432e4_sdk_4_20_00_12/kernel/nortos\lib/nortos_msp432e4.am4fg(SemaphoreP_nortos.om4fg)
                0x00006fd4                SemaphoreP_delete
 .text.SemaphoreP_pend
                0x00006fd8       0xb4 C:/ti/simplelink_msp432e4_sdk_4_20_00_12/kernel/nortos\lib/nortos_msp432e4.am4fg(SemaphoreP_nortos.om4fg)
                0x00006fd8                SemaphoreP_pend
 .text.SemaphoreP_post
                0x0000708c       0x44 C:/ti/simplelink_msp432e4_sdk_4_20_00_12/kernel/nortos\lib/nortos_msp432e4.am4fg(SemaphoreP_nortos.om4fg)
                0x0000708c                SemaphoreP_post
 .text.formatNum
                0x000070d0       0x44 C:/ti/simplelink_msp432e4_sdk_4_20_00_12/kernel/nortos\lib/nortos_msp432e4.am4fg(SystemP_nortos.om4fg)
 *fill*         0x00007114        0x4 
 .text.doPrint  0x00007118      0x46c C:/ti/simplelink_msp432e4_sdk_4_20_00_12/kernel/nortos\lib/nortos_msp432e4.am4fg(SystemP_nortos.om4fg)
 .text.SystemP_vsnprintf
                0x00007584        0x4 C:/ti/simplelink_msp432e4_sdk_4_20_00_12/kernel/nortos\lib/nortos_msp432e4.am4fg(SystemP_nortos.om4fg)
                0x00007584                SystemP_vsnprintf
 .text.addToList
                0x00007588       0x48 C:/ti/simplelink_msp432e4_sdk_4_20_00_12/kernel/nortos\lib/nortos_msp432e4.am4fg(ClockPSysTick_nortos.om4fg)
 .text.ClockP_startup.part.0
                0x000075d0       0x74 C:/ti/simplelink_msp432e4_sdk_4_20_00_12/kernel/nortos\lib/nortos_msp432e4.am4fg(ClockPSysTick_nortos.om4fg)
 .text.ClockP_sysTickHandler
                0x00007644       0x5c C:/ti/simplelink_msp432e4_sdk_4_20_00_12/kernel/nortos\lib/nortos_msp432e4.am4fg(ClockPSysTick_nortos.om4fg)
                0x00007644                ClockP_sysTickHandler
 .text.ClockP_add
                0x000076a0       0x18 C:/ti/simplelink_msp432e4_sdk_4_20_00_12/kernel/nortos\lib/nortos_msp432e4.am4fg(ClockPSysTick_nortos.om4fg)
                0x000076a0                ClockP_add
 .text.ClockP_destruct
                0x000076b8       0x44 C:/ti/simplelink_msp432e4_sdk_4_20_00_12/kernel/nortos\lib/nortos_msp432e4.am4fg(ClockPSysTick_nortos.om4fg)
                0x000076b8                ClockP_destruct
 .text.ClockP_delete
                0x000076fc       0x14 C:/ti/simplelink_msp432e4_sdk_4_20_00_12/kernel/nortos\lib/nortos_msp432e4.am4fg(ClockPSysTick_nortos.om4fg)
                0x000076fc                ClockP_delete
 .text.ClockP_getCpuFreq
                0x00007710       0x10 C:/ti/simplelink_msp432e4_sdk_4_20_00_12/kernel/nortos\lib/nortos_msp432e4.am4fg(ClockPSysTick_nortos.om4fg)
                0x00007710                ClockP_getCpuFreq
 .text.ClockP_getSystemTickPeriod
                0x00007720        0xc C:/ti/simplelink_msp432e4_sdk_4_20_00_12/kernel/nortos\lib/nortos_msp432e4.am4fg(ClockPSysTick_nortos.om4fg)
                0x00007720                ClockP_getSystemTickPeriod
 .text.ClockP_getSystemTicks
                0x0000772c       0x20 C:/ti/simplelink_msp432e4_sdk_4_20_00_12/kernel/nortos\lib/nortos_msp432e4.am4fg(ClockPSysTick_nortos.om4fg)
                0x0000772c                ClockP_getSystemTicks
 .text.ClockP_isActive
                0x0000774c        0xc C:/ti/simplelink_msp432e4_sdk_4_20_00_12/kernel/nortos\lib/nortos_msp432e4.am4fg(ClockPSysTick_nortos.om4fg)
                0x0000774c                ClockP_isActive
 .text.ClockP_Params_init
                0x00007758        0xc C:/ti/simplelink_msp432e4_sdk_4_20_00_12/kernel/nortos\lib/nortos_msp432e4.am4fg(ClockPSysTick_nortos.om4fg)
                0x00007758                ClockP_Params_init
 .text.ClockP_setTimeout
                0x00007764        0x4 C:/ti/simplelink_msp432e4_sdk_4_20_00_12/kernel/nortos\lib/nortos_msp432e4.am4fg(ClockPSysTick_nortos.om4fg)
                0x00007764                ClockP_setTimeout
 .text.ClockP_startup
                0x00007768       0x10 C:/ti/simplelink_msp432e4_sdk_4_20_00_12/kernel/nortos\lib/nortos_msp432e4.am4fg(ClockPSysTick_nortos.om4fg)
                0x00007768                ClockP_startup
 .text.ClockP_stop
                0x00007778       0x54 C:/ti/simplelink_msp432e4_sdk_4_20_00_12/kernel/nortos\lib/nortos_msp432e4.am4fg(ClockPSysTick_nortos.om4fg)
                0x00007778                ClockP_stop
 .text.ClockP_start
                0x000077cc       0x34 C:/ti/simplelink_msp432e4_sdk_4_20_00_12/kernel/nortos\lib/nortos_msp432e4.am4fg(ClockPSysTick_nortos.om4fg)
                0x000077cc                ClockP_start
 .text.ClockP_construct
                0x00007800       0x54 C:/ti/simplelink_msp432e4_sdk_4_20_00_12/kernel/nortos\lib/nortos_msp432e4.am4fg(ClockPSysTick_nortos.om4fg)
                0x00007800                ClockP_construct
 .text.ClockP_create
                0x00007854       0x20 C:/ti/simplelink_msp432e4_sdk_4_20_00_12/kernel/nortos\lib/nortos_msp432e4.am4fg(ClockPSysTick_nortos.om4fg)
                0x00007854                ClockP_create
 .text.HwiP_dispatch
                0x00007874       0x1c C:/ti/simplelink_msp432e4_sdk_4_20_00_12/kernel/nortos\lib/nortos_msp432e4.am4fg(HwiPMSP432E4_nortos.om4fg)
 .text.HwiP_enable
                0x00007890        0x4 C:/ti/simplelink_msp432e4_sdk_4_20_00_12/kernel/nortos\lib/nortos_msp432e4.am4fg(HwiPMSP432E4_nortos.om4fg)
                0x00007890                HwiP_enable
 .text.HwiP_disable
                0x00007894        0x8 C:/ti/simplelink_msp432e4_sdk_4_20_00_12/kernel/nortos\lib/nortos_msp432e4.am4fg(HwiPMSP432E4_nortos.om4fg)
                0x00007894                HwiP_disable
 .text.HwiP_restore
                0x0000789c        0x8 C:/ti/simplelink_msp432e4_sdk_4_20_00_12/kernel/nortos\lib/nortos_msp432e4.am4fg(HwiPMSP432E4_nortos.om4fg)
                0x0000789c                HwiP_restore
 .text.HwiP_clearInterrupt
                0x000078a4        0x4 C:/ti/simplelink_msp432e4_sdk_4_20_00_12/kernel/nortos\lib/nortos_msp432e4.am4fg(HwiPMSP432E4_nortos.om4fg)
                0x000078a4                HwiP_clearInterrupt
 .text.HwiP_delete
                0x000078a8       0x1c C:/ti/simplelink_msp432e4_sdk_4_20_00_12/kernel/nortos\lib/nortos_msp432e4.am4fg(HwiPMSP432E4_nortos.om4fg)
                0x000078a8                HwiP_delete
 .text.HwiP_disableInterrupt
                0x000078c4        0x4 C:/ti/simplelink_msp432e4_sdk_4_20_00_12/kernel/nortos\lib/nortos_msp432e4.am4fg(HwiPMSP432E4_nortos.om4fg)
                0x000078c4                HwiP_disableInterrupt
 .text.HwiP_enableInterrupt
                0x000078c8        0x4 C:/ti/simplelink_msp432e4_sdk_4_20_00_12/kernel/nortos\lib/nortos_msp432e4.am4fg(HwiPMSP432E4_nortos.om4fg)
                0x000078c8                HwiP_enableInterrupt
 .text.HwiP_construct
                0x000078cc       0x80 C:/ti/simplelink_msp432e4_sdk_4_20_00_12/kernel/nortos\lib/nortos_msp432e4.am4fg(HwiPMSP432E4_nortos.om4fg)
                0x000078cc                HwiP_construct
 .text.HwiP_create
                0x0000794c       0x30 C:/ti/simplelink_msp432e4_sdk_4_20_00_12/kernel/nortos\lib/nortos_msp432e4.am4fg(HwiPMSP432E4_nortos.om4fg)
                0x0000794c                HwiP_create
 .text.HwiP_Params_init
                0x0000797c       0x14 C:/ti/simplelink_msp432e4_sdk_4_20_00_12/kernel/nortos\lib/nortos_msp432e4.am4fg(HwiPMSP432E4_nortos.om4fg)
                0x0000797c                HwiP_Params_init
 .text.HwiP_inISR
                0x00007990       0x10 C:/ti/simplelink_msp432e4_sdk_4_20_00_12/kernel/nortos\lib/nortos_msp432e4.am4fg(HwiPMSP432E4_nortos.om4fg)
                0x00007990                HwiP_inISR
 .text.PowerMSP432E4_sleepPolicy
                0x000079a0       0x10 C:/ti/simplelink_msp432e4_sdk_4_20_00_12/kernel/nortos\lib/nortos_msp432e4.am4fg(PowerMSP432E4_nortos.om4fg)
                0x000079a0                PowerMSP432E4_sleepPolicy
 .text.nmiISR   0x000079b0        0x4 C:/ti/simplelink_msp432e4_sdk_4_20_00_12/kernel/nortos\lib/nortos_msp432e4.am4fg(startup_msp432e4_gcc.om4fg)
 .text.faultISR
                0x000079b4        0x4 C:/ti/simplelink_msp432e4_sdk_4_20_00_12/kernel/nortos\lib/nortos_msp432e4.am4fg(startup_msp432e4_gcc.om4fg)
 .text.busFaultHandler
                0x000079b8        0x4 C:/ti/simplelink_msp432e4_sdk_4_20_00_12/kernel/nortos\lib/nortos_msp432e4.am4fg(startup_msp432e4_gcc.om4fg)
 .text.defaultHandler
                0x000079bc        0x4 C:/ti/simplelink_msp432e4_sdk_4_20_00_12/kernel/nortos\lib/nortos_msp432e4.am4fg(startup_msp432e4_gcc.om4fg)
 .text.resetISR
                0x000079c0       0x9c C:/ti/simplelink_msp432e4_sdk_4_20_00_12/kernel/nortos\lib/nortos_msp432e4.am4fg(startup_msp432e4_gcc.om4fg)
                0x000079c0                resetISR
 .text._fini    0x00007a5c        0x4 C:/ti/simplelink_msp432e4_sdk_4_20_00_12/kernel/nortos\lib/nortos_msp432e4.am4fg(startup_msp432e4_gcc.om4fg)
                0x00007a5c                _fini
 .text.FPUEnable
                0x00007a60       0x20 C:/ti/simplelink_msp432e4_sdk_4_20_00_12/source\ti/devices/msp432e4/driverlib/lib/gcc/m4f/msp432e4_driverlib.a(fpu.o)
                0x00007a60                FPUEnable
 .text.GPIODirModeSet
                0x00007a80       0x76 C:/ti/simplelink_msp432e4_sdk_4_20_00_12/source\ti/devices/msp432e4/driverlib/lib/gcc/m4f/msp432e4_driverlib.a(gpio.o)
                0x00007a80                GPIODirModeSet
 .text.GPIOIntTypeSet
                0x00007af6       0xd0 C:/ti/simplelink_msp432e4_sdk_4_20_00_12/source\ti/devices/msp432e4/driverlib/lib/gcc/m4f/msp432e4_driverlib.a(gpio.o)
                0x00007af6                GPIOIntTypeSet
 .text.GPIOPadConfigSet
                0x00007bc6      0x2a4 C:/ti/simplelink_msp432e4_sdk_4_20_00_12/source\ti/devices/msp432e4/driverlib/lib/gcc/m4f/msp432e4_driverlib.a(gpio.o)
                0x00007bc6                GPIOPadConfigSet
 .text.GPIOIntStatus
                0x00007e6a       0x30 C:/ti/simplelink_msp432e4_sdk_4_20_00_12/source\ti/devices/msp432e4/driverlib/lib/gcc/m4f/msp432e4_driverlib.a(gpio.o)
                0x00007e6a                GPIOIntStatus
 .text.GPIOIntClear
                0x00007e9a       0x22 C:/ti/simplelink_msp432e4_sdk_4_20_00_12/source\ti/devices/msp432e4/driverlib/lib/gcc/m4f/msp432e4_driverlib.a(gpio.o)
                0x00007e9a                GPIOIntClear
 .text.GPIOPinWrite
                0x00007ebc       0x2c C:/ti/simplelink_msp432e4_sdk_4_20_00_12/source\ti/devices/msp432e4/driverlib/lib/gcc/m4f/msp432e4_driverlib.a(gpio.o)
                0x00007ebc                GPIOPinWrite
 .text.GPIOPinTypeSSI
                0x00007ee8       0x2c C:/ti/simplelink_msp432e4_sdk_4_20_00_12/source\ti/devices/msp432e4/driverlib/lib/gcc/m4f/msp432e4_driverlib.a(gpio.o)
                0x00007ee8                GPIOPinTypeSSI
 .text.GPIOPinTypeUART
                0x00007f14       0x2c C:/ti/simplelink_msp432e4_sdk_4_20_00_12/source\ti/devices/msp432e4/driverlib/lib/gcc/m4f/msp432e4_driverlib.a(gpio.o)
                0x00007f14                GPIOPinTypeUART
 .text.GPIOPinConfigure
                0x00007f40       0x5c C:/ti/simplelink_msp432e4_sdk_4_20_00_12/source\ti/devices/msp432e4/driverlib/lib/gcc/m4f/msp432e4_driverlib.a(gpio.o)
                0x00007f40                GPIOPinConfigure
 .text._IntDefaultHandler
                0x00007f9c        0x6 C:/ti/simplelink_msp432e4_sdk_4_20_00_12/source\ti/devices/msp432e4/driverlib/lib/gcc/m4f/msp432e4_driverlib.a(interrupt.o)
 .text.IntMasterEnable
                0x00007fa2       0x18 C:/ti/simplelink_msp432e4_sdk_4_20_00_12/source\ti/devices/msp432e4/driverlib/lib/gcc/m4f/msp432e4_driverlib.a(interrupt.o)
                0x00007fa2                IntMasterEnable
 .text.IntMasterDisable
                0x00007fba       0x18 C:/ti/simplelink_msp432e4_sdk_4_20_00_12/source\ti/devices/msp432e4/driverlib/lib/gcc/m4f/msp432e4_driverlib.a(interrupt.o)
                0x00007fba                IntMasterDisable
 *fill*         0x00007fd2        0x2 
 .text.IntRegister
                0x00007fd4       0x64 C:/ti/simplelink_msp432e4_sdk_4_20_00_12/source\ti/devices/msp432e4/driverlib/lib/gcc/m4f/msp432e4_driverlib.a(interrupt.o)
                0x00007fd4                IntRegister
 .text.IntUnregister
                0x00008038       0x28 C:/ti/simplelink_msp432e4_sdk_4_20_00_12/source\ti/devices/msp432e4/driverlib/lib/gcc/m4f/msp432e4_driverlib.a(interrupt.o)
                0x00008038                IntUnregister
 .text.IntPrioritySet
                0x00008060       0x68 C:/ti/simplelink_msp432e4_sdk_4_20_00_12/source\ti/devices/msp432e4/driverlib/lib/gcc/m4f/msp432e4_driverlib.a(interrupt.o)
                0x00008060                IntPrioritySet
 .text.IntEnable
                0x000080c8       0x94 C:/ti/simplelink_msp432e4_sdk_4_20_00_12/source\ti/devices/msp432e4/driverlib/lib/gcc/m4f/msp432e4_driverlib.a(interrupt.o)
                0x000080c8                IntEnable
 .text.IntDisable
                0x0000815c       0x94 C:/ti/simplelink_msp432e4_sdk_4_20_00_12/source\ti/devices/msp432e4/driverlib/lib/gcc/m4f/msp432e4_driverlib.a(interrupt.o)
                0x0000815c                IntDisable
 .text.IntPendClear
                0x000081f0       0x68 C:/ti/simplelink_msp432e4_sdk_4_20_00_12/source\ti/devices/msp432e4/driverlib/lib/gcc/m4f/msp432e4_driverlib.a(interrupt.o)
                0x000081f0                IntPendClear
 .text.SSIConfigSetExpClk
                0x00008258       0x8c C:/ti/simplelink_msp432e4_sdk_4_20_00_12/source\ti/devices/msp432e4/driverlib/lib/gcc/m4f/msp432e4_driverlib.a(ssi.o)
                0x00008258                SSIConfigSetExpClk
 .text.SSIEnable
                0x000082e4       0x24 C:/ti/simplelink_msp432e4_sdk_4_20_00_12/source\ti/devices/msp432e4/driverlib/lib/gcc/m4f/msp432e4_driverlib.a(ssi.o)
                0x000082e4                SSIEnable
 .text.SSIDisable
                0x00008308       0x24 C:/ti/simplelink_msp432e4_sdk_4_20_00_12/source\ti/devices/msp432e4/driverlib/lib/gcc/m4f/msp432e4_driverlib.a(ssi.o)
                0x00008308                SSIDisable
 .text.SSIIntEnable
                0x0000832c       0x28 C:/ti/simplelink_msp432e4_sdk_4_20_00_12/source\ti/devices/msp432e4/driverlib/lib/gcc/m4f/msp432e4_driverlib.a(ssi.o)
                0x0000832c                SSIIntEnable
 .text.SSIIntDisable
                0x00008354       0x28 C:/ti/simplelink_msp432e4_sdk_4_20_00_12/source\ti/devices/msp432e4/driverlib/lib/gcc/m4f/msp432e4_driverlib.a(ssi.o)
                0x00008354                SSIIntDisable
 .text.SSIIntStatus
                0x0000837c       0x2c C:/ti/simplelink_msp432e4_sdk_4_20_00_12/source\ti/devices/msp432e4/driverlib/lib/gcc/m4f/msp432e4_driverlib.a(ssi.o)
                0x0000837c                SSIIntStatus
 .text.SSIIntClear
                0x000083a8       0x20 C:/ti/simplelink_msp432e4_sdk_4_20_00_12/source\ti/devices/msp432e4/driverlib/lib/gcc/m4f/msp432e4_driverlib.a(ssi.o)
                0x000083a8                SSIIntClear
 .text.SSIDataPut
                0x000083c8       0x30 C:/ti/simplelink_msp432e4_sdk_4_20_00_12/source\ti/devices/msp432e4/driverlib/lib/gcc/m4f/msp432e4_driverlib.a(ssi.o)
                0x000083c8                SSIDataPut
 .text.SSIDataGet
                0x000083f8       0x30 C:/ti/simplelink_msp432e4_sdk_4_20_00_12/source\ti/devices/msp432e4/driverlib/lib/gcc/m4f/msp432e4_driverlib.a(ssi.o)
                0x000083f8                SSIDataGet
 .text.SSIDMAEnable
                0x00008428       0x28 C:/ti/simplelink_msp432e4_sdk_4_20_00_12/source\ti/devices/msp432e4/driverlib/lib/gcc/m4f/msp432e4_driverlib.a(ssi.o)
                0x00008428                SSIDMAEnable
 .text.SSIDMADisable
                0x00008450       0x28 C:/ti/simplelink_msp432e4_sdk_4_20_00_12/source\ti/devices/msp432e4/driverlib/lib/gcc/m4f/msp432e4_driverlib.a(ssi.o)
                0x00008450                SSIDMADisable
 .text.SSIBusy  0x00008478       0x28 C:/ti/simplelink_msp432e4_sdk_4_20_00_12/source\ti/devices/msp432e4/driverlib/lib/gcc/m4f/msp432e4_driverlib.a(ssi.o)
                0x00008478                SSIBusy
 .text._SysCtlMemTimingGet
                0x000084a0       0x48 C:/ti/simplelink_msp432e4_sdk_4_20_00_12/source\ti/devices/msp432e4/driverlib/lib/gcc/m4f/msp432e4_driverlib.a(sysctl.o)
 .text._SysCtlFrequencyGet
                0x000084e8       0x9c C:/ti/simplelink_msp432e4_sdk_4_20_00_12/source\ti/devices/msp432e4/driverlib/lib/gcc/m4f/msp432e4_driverlib.a(sysctl.o)
 .text.SysCtlPeripheralPresent
                0x00008584       0x58 C:/ti/simplelink_msp432e4_sdk_4_20_00_12/source\ti/devices/msp432e4/driverlib/lib/gcc/m4f/msp432e4_driverlib.a(sysctl.o)
                0x00008584                SysCtlPeripheralPresent
 .text.SysCtlPeripheralReady
                0x000085dc       0x58 C:/ti/simplelink_msp432e4_sdk_4_20_00_12/source\ti/devices/msp432e4/driverlib/lib/gcc/m4f/msp432e4_driverlib.a(sysctl.o)
                0x000085dc                SysCtlPeripheralReady
 .text.SysCtlPeripheralPowerOn
                0x00008634       0x50 C:/ti/simplelink_msp432e4_sdk_4_20_00_12/source\ti/devices/msp432e4/driverlib/lib/gcc/m4f/msp432e4_driverlib.a(sysctl.o)
                0x00008634                SysCtlPeripheralPowerOn
 .text.SysCtlPeripheralPowerOff
                0x00008684       0x50 C:/ti/simplelink_msp432e4_sdk_4_20_00_12/source\ti/devices/msp432e4/driverlib/lib/gcc/m4f/msp432e4_driverlib.a(sysctl.o)
                0x00008684                SysCtlPeripheralPowerOff
 .text.SysCtlPeripheralReset
                0x000086d4       0x9c C:/ti/simplelink_msp432e4_sdk_4_20_00_12/source\ti/devices/msp432e4/driverlib/lib/gcc/m4f/msp432e4_driverlib.a(sysctl.o)
                0x000086d4                SysCtlPeripheralReset
 .text.SysCtlPeripheralEnable
                0x00008770       0x50 C:/ti/simplelink_msp432e4_sdk_4_20_00_12/source\ti/devices/msp432e4/driverlib/lib/gcc/m4f/msp432e4_driverlib.a(sysctl.o)
                0x00008770                SysCtlPeripheralEnable
 .text.SysCtlPeripheralDisable
                0x000087c0       0x50 C:/ti/simplelink_msp432e4_sdk_4_20_00_12/source\ti/devices/msp432e4/driverlib/lib/gcc/m4f/msp432e4_driverlib.a(sysctl.o)
                0x000087c0                SysCtlPeripheralDisable
 .text.SysCtlPeripheralSleepEnable
                0x00008810       0x50 C:/ti/simplelink_msp432e4_sdk_4_20_00_12/source\ti/devices/msp432e4/driverlib/lib/gcc/m4f/msp432e4_driverlib.a(sysctl.o)
                0x00008810                SysCtlPeripheralSleepEnable
 .text.SysCtlPeripheralSleepDisable
                0x00008860       0x50 C:/ti/simplelink_msp432e4_sdk_4_20_00_12/source\ti/devices/msp432e4/driverlib/lib/gcc/m4f/msp432e4_driverlib.a(sysctl.o)
                0x00008860                SysCtlPeripheralSleepDisable
 .text.SysCtlPeripheralClockGating
                0x000088b0       0x3c C:/ti/simplelink_msp432e4_sdk_4_20_00_12/source\ti/devices/msp432e4/driverlib/lib/gcc/m4f/msp432e4_driverlib.a(sysctl.o)
                0x000088b0                SysCtlPeripheralClockGating
 .text.SysCtlClockFreqSet
                0x000088ec      0x32c C:/ti/simplelink_msp432e4_sdk_4_20_00_12/source\ti/devices/msp432e4/driverlib/lib/gcc/m4f/msp432e4_driverlib.a(sysctl.o)
                0x000088ec                SysCtlClockFreqSet
 .text.UARTFIFOLevelSet
                0x00008c18       0x26 C:/ti/simplelink_msp432e4_sdk_4_20_00_12/source\ti/devices/msp432e4/driverlib/lib/gcc/m4f/msp432e4_driverlib.a(uart.o)
                0x00008c18                UARTFIFOLevelSet
 .text.UARTConfigSetExpClk
                0x00008c3e       0x92 C:/ti/simplelink_msp432e4_sdk_4_20_00_12/source\ti/devices/msp432e4/driverlib/lib/gcc/m4f/msp432e4_driverlib.a(uart.o)
                0x00008c3e                UARTConfigSetExpClk
 .text.UARTEnable
                0x00008cd0       0x38 C:/ti/simplelink_msp432e4_sdk_4_20_00_12/source\ti/devices/msp432e4/driverlib/lib/gcc/m4f/msp432e4_driverlib.a(uart.o)
                0x00008cd0                UARTEnable
 .text.UARTDisable
                0x00008d08       0x48 C:/ti/simplelink_msp432e4_sdk_4_20_00_12/source\ti/devices/msp432e4/driverlib/lib/gcc/m4f/msp432e4_driverlib.a(uart.o)
                0x00008d08                UARTDisable
 .text.UARTFlowControlSet
                0x00008d50       0x2c C:/ti/simplelink_msp432e4_sdk_4_20_00_12/source\ti/devices/msp432e4/driverlib/lib/gcc/m4f/msp432e4_driverlib.a(uart.o)
                0x00008d50                UARTFlowControlSet
 .text.UARTTxIntModeSet
                0x00008d7c       0x2c C:/ti/simplelink_msp432e4_sdk_4_20_00_12/source\ti/devices/msp432e4/driverlib/lib/gcc/m4f/msp432e4_driverlib.a(uart.o)
                0x00008d7c                UARTTxIntModeSet
 .text.UARTCharsAvail
                0x00008da8       0x28 C:/ti/simplelink_msp432e4_sdk_4_20_00_12/source\ti/devices/msp432e4/driverlib/lib/gcc/m4f/msp432e4_driverlib.a(uart.o)
                0x00008da8                UARTCharsAvail
 .text.UARTCharGetNonBlocking
                0x00008dd0       0x2c C:/ti/simplelink_msp432e4_sdk_4_20_00_12/source\ti/devices/msp432e4/driverlib/lib/gcc/m4f/msp432e4_driverlib.a(uart.o)
                0x00008dd0                UARTCharGetNonBlocking
 .text.UARTCharGet
                0x00008dfc       0x28 C:/ti/simplelink_msp432e4_sdk_4_20_00_12/source\ti/devices/msp432e4/driverlib/lib/gcc/m4f/msp432e4_driverlib.a(uart.o)
                0x00008dfc                UARTCharGet
 .text.UARTCharPutNonBlocking
                0x00008e24       0x32 C:/ti/simplelink_msp432e4_sdk_4_20_00_12/source\ti/devices/msp432e4/driverlib/lib/gcc/m4f/msp432e4_driverlib.a(uart.o)
                0x00008e24                UARTCharPutNonBlocking
 .text.UARTCharPut
                0x00008e56       0x2e C:/ti/simplelink_msp432e4_sdk_4_20_00_12/source\ti/devices/msp432e4/driverlib/lib/gcc/m4f/msp432e4_driverlib.a(uart.o)
                0x00008e56                UARTCharPut
 .text.UARTBusy
                0x00008e84       0x28 C:/ti/simplelink_msp432e4_sdk_4_20_00_12/source\ti/devices/msp432e4/driverlib/lib/gcc/m4f/msp432e4_driverlib.a(uart.o)
                0x00008e84                UARTBusy
 .text.UARTIntEnable
                0x00008eac       0x28 C:/ti/simplelink_msp432e4_sdk_4_20_00_12/source\ti/devices/msp432e4/driverlib/lib/gcc/m4f/msp432e4_driverlib.a(uart.o)
                0x00008eac                UARTIntEnable
 .text.UARTIntDisable
                0x00008ed4       0x28 C:/ti/simplelink_msp432e4_sdk_4_20_00_12/source\ti/devices/msp432e4/driverlib/lib/gcc/m4f/msp432e4_driverlib.a(uart.o)
                0x00008ed4                UARTIntDisable
 .text.UARTIntStatus
                0x00008efc       0x2c C:/ti/simplelink_msp432e4_sdk_4_20_00_12/source\ti/devices/msp432e4/driverlib/lib/gcc/m4f/msp432e4_driverlib.a(uart.o)
                0x00008efc                UARTIntStatus
 .text.UARTIntClear
                0x00008f28       0x20 C:/ti/simplelink_msp432e4_sdk_4_20_00_12/source\ti/devices/msp432e4/driverlib/lib/gcc/m4f/msp432e4_driverlib.a(uart.o)
                0x00008f28                UARTIntClear
 .text.UARTRxErrorGet
                0x00008f48       0x1e C:/ti/simplelink_msp432e4_sdk_4_20_00_12/source\ti/devices/msp432e4/driverlib/lib/gcc/m4f/msp432e4_driverlib.a(uart.o)
                0x00008f48                UARTRxErrorGet
 .text.UARTRxErrorClear
                0x00008f66       0x1e C:/ti/simplelink_msp432e4_sdk_4_20_00_12/source\ti/devices/msp432e4/driverlib/lib/gcc/m4f/msp432e4_driverlib.a(uart.o)
                0x00008f66                UARTRxErrorClear
 .text.uDMAInit
                0x00008f84       0x44 C:/ti/simplelink_msp432e4_sdk_4_20_00_12/source\ti/devices/msp432e4/driverlib/lib/gcc/m4f/msp432e4_driverlib.a(udma.o)
                0x00008f84                uDMAInit
 .text.uDMAEnable
                0x00008fc8       0x18 C:/ti/simplelink_msp432e4_sdk_4_20_00_12/source\ti/devices/msp432e4/driverlib/lib/gcc/m4f/msp432e4_driverlib.a(udma.o)
                0x00008fc8                uDMAEnable
 .text.uDMAErrorStatusGet
                0x00008fe0       0x18 C:/ti/simplelink_msp432e4_sdk_4_20_00_12/source\ti/devices/msp432e4/driverlib/lib/gcc/m4f/msp432e4_driverlib.a(udma.o)
                0x00008fe0                uDMAErrorStatusGet
 .text.uDMAErrorStatusClear
                0x00008ff8       0x18 C:/ti/simplelink_msp432e4_sdk_4_20_00_12/source\ti/devices/msp432e4/driverlib/lib/gcc/m4f/msp432e4_driverlib.a(udma.o)
                0x00008ff8                uDMAErrorStatusClear
 .text.uDMAChannelEnable
                0x00009010       0x28 C:/ti/simplelink_msp432e4_sdk_4_20_00_12/source\ti/devices/msp432e4/driverlib/lib/gcc/m4f/msp432e4_driverlib.a(udma.o)
                0x00009010                uDMAChannelEnable
 .text.uDMAChannelDisable
                0x00009038       0x28 C:/ti/simplelink_msp432e4_sdk_4_20_00_12/source\ti/devices/msp432e4/driverlib/lib/gcc/m4f/msp432e4_driverlib.a(udma.o)
                0x00009038                uDMAChannelDisable
 .text.uDMAControlBaseSet
                0x00009060       0x20 C:/ti/simplelink_msp432e4_sdk_4_20_00_12/source\ti/devices/msp432e4/driverlib/lib/gcc/m4f/msp432e4_driverlib.a(udma.o)
                0x00009060                uDMAControlBaseSet
 .text.uDMAControlBaseGet
                0x00009080       0x18 C:/ti/simplelink_msp432e4_sdk_4_20_00_12/source\ti/devices/msp432e4/driverlib/lib/gcc/m4f/msp432e4_driverlib.a(udma.o)
                0x00009080                uDMAControlBaseGet
 .text.uDMAChannelAttributeDisable
                0x00009098       0x80 C:/ti/simplelink_msp432e4_sdk_4_20_00_12/source\ti/devices/msp432e4/driverlib/lib/gcc/m4f/msp432e4_driverlib.a(udma.o)
                0x00009098                uDMAChannelAttributeDisable
 .text.uDMAChannelControlSet
                0x00009118       0x48 C:/ti/simplelink_msp432e4_sdk_4_20_00_12/source\ti/devices/msp432e4/driverlib/lib/gcc/m4f/msp432e4_driverlib.a(udma.o)
                0x00009118                uDMAChannelControlSet
 .text.uDMAChannelTransferSet
                0x00009160      0x104 C:/ti/simplelink_msp432e4_sdk_4_20_00_12/source\ti/devices/msp432e4/driverlib/lib/gcc/m4f/msp432e4_driverlib.a(udma.o)
                0x00009160                uDMAChannelTransferSet
 .text.uDMAChannelModeGet
                0x00009264       0x54 C:/ti/simplelink_msp432e4_sdk_4_20_00_12/source\ti/devices/msp432e4/driverlib/lib/gcc/m4f/msp432e4_driverlib.a(udma.o)
                0x00009264                uDMAChannelModeGet
 .text.uDMAChannelAssign
                0x000092b8       0x58 C:/ti/simplelink_msp432e4_sdk_4_20_00_12/source\ti/devices/msp432e4/driverlib/lib/gcc/m4f/msp432e4_driverlib.a(udma.o)
                0x000092b8                uDMAChannelAssign
 .text.CPUcpsid
                0x00009310        0xe C:/ti/simplelink_msp432e4_sdk_4_20_00_12/source\ti/devices/msp432e4/driverlib/lib/gcc/m4f/msp432e4_driverlib.a(cpu.o)
                0x00009310                CPUcpsid
 .text.CPUcpsie
                0x0000931e        0xe C:/ti/simplelink_msp432e4_sdk_4_20_00_12/source\ti/devices/msp432e4/driverlib/lib/gcc/m4f/msp432e4_driverlib.a(cpu.o)
                0x0000931e                CPUcpsie
 .text.malloc   0x0000932c       0x10 c:/ti/ccs1020/ccs/tools/compiler/gcc-arm-none-eabi-9-2019-q4-major/bin/../lib/gcc/arm-none-eabi/9.2.1/../../../../arm-none-eabi/lib/thumb/v7e-m+fp/hard\libc_nano.a(lib_a-malloc.o)
                0x0000932c                malloc
 .text.free     0x0000933c       0x10 c:/ti/ccs1020/ccs/tools/compiler/gcc-arm-none-eabi-9-2019-q4-major/bin/../lib/gcc/arm-none-eabi/9.2.1/../../../../arm-none-eabi/lib/thumb/v7e-m+fp/hard\libc_nano.a(lib_a-malloc.o)
                0x0000933c                free
 .text.memset   0x0000934c       0x10 c:/ti/ccs1020/ccs/tools/compiler/gcc-arm-none-eabi-9-2019-q4-major/bin/../lib/gcc/arm-none-eabi/9.2.1/../../../../arm-none-eabi/lib/thumb/v7e-m+fp/hard\libc_nano.a(lib_a-memset.o)
                0x0000934c                memset
 .text._free_r  0x0000935c       0xa0 c:/ti/ccs1020/ccs/tools/compiler/gcc-arm-none-eabi-9-2019-q4-major/bin/../lib/gcc/arm-none-eabi/9.2.1/../../../../arm-none-eabi/lib/thumb/v7e-m+fp/hard\libc_nano.a(lib_a-nano-freer.o)
                0x0000935c                _free_r
 .text._malloc_r
                0x000093fc       0xb4 c:/ti/ccs1020/ccs/tools/compiler/gcc-arm-none-eabi-9-2019-q4-major/bin/../lib/gcc/arm-none-eabi/9.2.1/../../../../arm-none-eabi/lib/thumb/v7e-m+fp/hard\libc_nano.a(lib_a-nano-mallocr.o)
                0x000093fc                _malloc_r
 .text._sbrk_r  0x000094b0       0x20 c:/ti/ccs1020/ccs/tools/compiler/gcc-arm-none-eabi-9-2019-q4-major/bin/../lib/gcc/arm-none-eabi/9.2.1/../../../../arm-none-eabi/lib/thumb/v7e-m+fp/hard\libc_nano.a(lib_a-sbrkr.o)
                0x000094b0                _sbrk_r
 .text.__malloc_lock
                0x000094d0        0xc c:/ti/ccs1020/ccs/tools/compiler/gcc-arm-none-eabi-9-2019-q4-major/bin/../lib/gcc/arm-none-eabi/9.2.1/../../../../arm-none-eabi/lib/thumb/v7e-m+fp/hard\libc_nano.a(lib_a-mlock.o)
                0x000094d0                __malloc_lock
 .text.__malloc_unlock
                0x000094dc        0xc c:/ti/ccs1020/ccs/tools/compiler/gcc-arm-none-eabi-9-2019-q4-major/bin/../lib/gcc/arm-none-eabi/9.2.1/../../../../arm-none-eabi/lib/thumb/v7e-m+fp/hard\libc_nano.a(lib_a-mlock.o)
                0x000094dc                __malloc_unlock
 .text.__retarget_lock_acquire_recursive
                0x000094e8        0x2 c:/ti/ccs1020/ccs/tools/compiler/gcc-arm-none-eabi-9-2019-q4-major/bin/../lib/gcc/arm-none-eabi/9.2.1/../../../../arm-none-eabi/lib/thumb/v7e-m+fp/hard\libc_nano.a(lib_a-lock.o)
                0x000094e8                __retarget_lock_acquire_recursive
 .text.__retarget_lock_release_recursive
                0x000094ea        0x2 c:/ti/ccs1020/ccs/tools/compiler/gcc-arm-none-eabi-9-2019-q4-major/bin/../lib/gcc/arm-none-eabi/9.2.1/../../../../arm-none-eabi/lib/thumb/v7e-m+fp/hard\libc_nano.a(lib_a-lock.o)
                0x000094ea                __retarget_lock_release_recursive
 .text._sbrk    0x000094ec       0x1c c:/ti/ccs1020/ccs/tools/compiler/gcc-arm-none-eabi-9-2019-q4-major/bin/../lib/gcc/arm-none-eabi/9.2.1/../../../../arm-none-eabi/lib/thumb/v7e-m+fp/hard\libnosys.a(sbrk.o)
                0x000094ec                _sbrk
                0x00009508                . = ALIGN (0x4)
 *(.ctors)
                0x00009508                . = ALIGN (0x4)
 *(.dtors)
                0x00009508                . = ALIGN (0x4)
                0x00009508                __init_array_start = .
 *(.init_array*)
                0x00009508                __init_array_end = .
 *(.init)
 *(.fini*)
                [!provide]                PROVIDE (__etext = .)
                [!provide]                PROVIDE (_etext = .)
                [!provide]                PROVIDE (etext = .)

.glue_7         0x00009508        0x0
 .glue_7        0x00009508        0x0 linker stubs

.glue_7t        0x00009508        0x0
 .glue_7t       0x00009508        0x0 linker stubs

.vfp11_veneer   0x00009508        0x0
 .vfp11_veneer  0x00009508        0x0 linker stubs

.v4_bx          0x00009508        0x0
 .v4_bx         0x00009508        0x0 linker stubs

.iplt           0x00009508        0x0
 .iplt          0x00009508        0x0 ./syscfg/ti_drivers_config.o

.rodata         0x00009508      0xc3c
 *(.rodata)
 .rodata        0x00009508      0x3b7 ./fatsdraw_nortos.o
 *(.rodata*)
 *fill*         0x000098bf        0x1 
 .rodata.displayUartHWAttrs
                0x000098c0       0x14 ./syscfg/ti_drivers_config.o
                0x000098c0                displayUartHWAttrs
 .rodata.Display_config
                0x000098d4        0xc ./syscfg/ti_drivers_config.o
                0x000098d4                Display_config
 .rodata.Display_count
                0x000098e0        0x1 ./syscfg/ti_drivers_config.o
                0x000098e0                Display_count
 *fill*         0x000098e1        0x3 
 .rodata.udmaMSP432E4HWAttrs
                0x000098e4        0xc ./syscfg/ti_drivers_config.o
                0x000098e4                udmaMSP432E4HWAttrs
 .rodata.UDMAMSP432E4_config
                0x000098f0        0x8 ./syscfg/ti_drivers_config.o
                0x000098f0                UDMAMSP432E4_config
 .rodata.GPIOMSP432E4_config
                0x000098f8       0x14 ./syscfg/ti_drivers_config.o
                0x000098f8                GPIOMSP432E4_config
 .rodata.PowerMSP432E4_config
                0x0000990c        0x8 ./syscfg/ti_drivers_config.o
                0x0000990c                PowerMSP432E4_config
 .rodata.SDFatFS_config
                0x00009914        0x4 ./syscfg/ti_drivers_config.o
                0x00009914                SDFatFS_config
 .rodata.SDFatFS_count
                0x00009918        0x1 ./syscfg/ti_drivers_config.o
                0x00009918                SDFatFS_count
 *fill*         0x00009919        0x3 
 .rodata.sdspiHWAttrs
                0x0000991c        0x4 ./syscfg/ti_drivers_config.o
 .rodata.SD_config
                0x00009920        0xc ./syscfg/ti_drivers_config.o
                0x00009920                SD_config
 .rodata.SD_count
                0x0000992c        0x1 ./syscfg/ti_drivers_config.o
                0x0000992c                SD_count
 *fill*         0x0000992d        0x3 
 .rodata.spiMSP432E4DMAHWAttrs
                0x00009930       0x30 ./syscfg/ti_drivers_config.o
                0x00009930                spiMSP432E4DMAHWAttrs
 .rodata.SPI_config
                0x00009960        0xc ./syscfg/ti_drivers_config.o
                0x00009960                SPI_config
 .rodata.SPI_count
                0x0000996c        0x1 ./syscfg/ti_drivers_config.o
                0x0000996c                SPI_count
 *fill*         0x0000996d        0x3 
 .rodata.uartMSP432E4HWAttrs
                0x00009970       0x2c ./syscfg/ti_drivers_config.o
 .rodata.UART_config
                0x0000999c        0xc ./syscfg/ti_drivers_config.o
                0x0000999c                UART_config
 .rodata.UART_count
                0x000099a8        0x1 ./syscfg/ti_drivers_config.o
                0x000099a8                UART_count
 *fill*         0x000099a9        0x3 
 .rodata.inputfile
                0x000099ac        0xb ./fatsdraw_nortos.o
                0x000099ac                inputfile
 *fill*         0x000099b7        0x1 
 .rodata.outputfile
                0x000099b8        0xd ./fatsdraw_nortos.o
                0x000099b8                outputfile
 *fill*         0x000099c5        0x3 
 .rodata.textarray
                0x000099c8      0x207 ./fatsdraw_nortos.o
                0x000099c8                textarray
 *fill*         0x00009bcf        0x1 
 .rodata.Display_defaultParams
                0x00009bd0        0x1 C:/ti/simplelink_msp432e4_sdk_4_20_00_12/source\ti/display/lib/display.am4fg(Display.om4fg)
                0x00009bd0                Display_defaultParams
 *fill*         0x00009bd1        0x3 
 .rodata.DisplayUartMin_fxnTable
                0x00009bd4       0x20 C:/ti/simplelink_msp432e4_sdk_4_20_00_12/source\ti/display/lib/display.am4fg(DisplayUart.om4fg)
                0x00009bd4                DisplayUartMin_fxnTable
 .rodata.SDSPI_initialize.str1.4
                0x00009bf4        0xb C:/ti/simplelink_msp432e4_sdk_4_20_00_12/source\ti/drivers/lib/drivers_msp432e4.am4fg(SDSPI.om4fg)
 *fill*         0x00009bff        0x1 
 .rodata.SDSPI_fxnTable
                0x00009c00       0x24 C:/ti/simplelink_msp432e4_sdk_4_20_00_12/source\ti/drivers/lib/drivers_msp432e4.am4fg(SDSPI.om4fg)
                0x00009c00                SDSPI_fxnTable
 .rodata.gpioBaseAddresses
                0x00009c24       0x48 C:/ti/simplelink_msp432e4_sdk_4_20_00_12/source\ti/drivers/lib/drivers_msp432e4.am4fg(GPIOMSP432E4.om4fg)
 .rodata.gpioInterruptVectors
                0x00009c6c       0x20 C:/ti/simplelink_msp432e4_sdk_4_20_00_12/source\ti/drivers/lib/drivers_msp432e4.am4fg(GPIOMSP432E4.om4fg)
 .rodata.inPinTypes
                0x00009c8c        0x3 C:/ti/simplelink_msp432e4_sdk_4_20_00_12/source\ti/drivers/lib/drivers_msp432e4.am4fg(GPIOMSP432E4.om4fg)
 *fill*         0x00009c8f        0x1 
 .rodata.interruptType
                0x00009c90        0x6 C:/ti/simplelink_msp432e4_sdk_4_20_00_12/source\ti/drivers/lib/drivers_msp432e4.am4fg(GPIOMSP432E4.om4fg)
 *fill*         0x00009c96        0x2 
 .rodata.outPinStrengths
                0x00009c98        0x7 C:/ti/simplelink_msp432e4_sdk_4_20_00_12/source\ti/drivers/lib/drivers_msp432e4.am4fg(GPIOMSP432E4.om4fg)
 *fill*         0x00009c9f        0x1 
 .rodata.outPinTypes
                0x00009ca0        0x4 C:/ti/simplelink_msp432e4_sdk_4_20_00_12/source\ti/drivers/lib/drivers_msp432e4.am4fg(GPIOMSP432E4.om4fg)
 .rodata.powerMgrIds
                0x00009ca4       0x48 C:/ti/simplelink_msp432e4_sdk_4_20_00_12/source\ti/drivers/lib/drivers_msp432e4.am4fg(GPIOMSP432E4.om4fg)
 .rodata.SPI_defaultParams
                0x00009cec       0x20 C:/ti/simplelink_msp432e4_sdk_4_20_00_12/source\ti/drivers/lib/drivers_msp432e4.am4fg(SPI.om4fg)
                0x00009cec                SPI_defaultParams
 .rodata.SPIMSP432E4DMA_fxnTable
                0x00009d0c       0x18 C:/ti/simplelink_msp432e4_sdk_4_20_00_12/source\ti/drivers/lib/drivers_msp432e4.am4fg(SPIMSP432E4DMA.om4fg)
                0x00009d0c                SPIMSP432E4DMA_fxnTable
 .rodata.dmaNullConfig
                0x00009d24        0x8 C:/ti/simplelink_msp432e4_sdk_4_20_00_12/source\ti/drivers/lib/drivers_msp432e4.am4fg(SPIMSP432E4DMA.om4fg)
 .rodata.dmaRxConfig
                0x00009d2c        0x8 C:/ti/simplelink_msp432e4_sdk_4_20_00_12/source\ti/drivers/lib/drivers_msp432e4.am4fg(SPIMSP432E4DMA.om4fg)
 .rodata.dmaTxConfig
                0x00009d34        0x8 C:/ti/simplelink_msp432e4_sdk_4_20_00_12/source\ti/drivers/lib/drivers_msp432e4.am4fg(SPIMSP432E4DMA.om4fg)
 .rodata.frameFormat
                0x00009d3c        0x5 C:/ti/simplelink_msp432e4_sdk_4_20_00_12/source\ti/drivers/lib/drivers_msp432e4.am4fg(SPIMSP432E4DMA.om4fg)
 *fill*         0x00009d41        0x3 
 .rodata.UART_defaultParams
                0x00009d44       0x24 C:/ti/simplelink_msp432e4_sdk_4_20_00_12/source\ti/drivers/lib/drivers_msp432e4.am4fg(UART.om4fg)
                0x00009d44                UART_defaultParams
 .rodata.UARTMSP432E4_fxnTable
                0x00009d68       0x28 C:/ti/simplelink_msp432e4_sdk_4_20_00_12/source\ti/drivers/lib/drivers_msp432e4.am4fg(UARTMSP432E4.om4fg)
                0x00009d68                UARTMSP432E4_fxnTable
 .rodata.dataLength
                0x00009d90       0x10 C:/ti/simplelink_msp432e4_sdk_4_20_00_12/source\ti/drivers/lib/drivers_msp432e4.am4fg(UARTMSP432E4.om4fg)
 .rodata.parityType
                0x00009da0       0x14 C:/ti/simplelink_msp432e4_sdk_4_20_00_12/source\ti/drivers/lib/drivers_msp432e4.am4fg(UARTMSP432E4.om4fg)
 .rodata.staticFxnTable
                0x00009db4       0x20 C:/ti/simplelink_msp432e4_sdk_4_20_00_12/source\ti/drivers/lib/drivers_msp432e4.am4fg(UARTMSP432E4.om4fg)
 .rodata.stopBits
                0x00009dd4        0x8 C:/ti/simplelink_msp432e4_sdk_4_20_00_12/source\ti/drivers/lib/drivers_msp432e4.am4fg(UARTMSP432E4.om4fg)
 .rodata.SD_defaultParams
                0x00009ddc        0x4 C:/ti/simplelink_msp432e4_sdk_4_20_00_12/source\ti/drivers/lib/drivers_msp432e4.am4fg(SD.om4fg)
                0x00009ddc                SD_defaultParams
 .rodata.check_fs.str1.4
                0x00009de0        0x6 C:/ti/simplelink_msp432e4_sdk_4_20_00_12/source\third_party/fatfs/lib/gcc/m4f/fatfs.a(ff.obj)
 *fill*         0x00009de6        0x2 
 .rodata.follow_path.str1.4
                0x00009de8        0xf C:/ti/simplelink_msp432e4_sdk_4_20_00_12/source\third_party/fatfs/lib/gcc/m4f/fatfs.a(ff.obj)
 *fill*         0x00009df7        0x1 
 .rodata.formatNum.str1.4
                0x00009df8       0x11 C:/ti/simplelink_msp432e4_sdk_4_20_00_12/kernel/nortos\lib/nortos_msp432e4.am4fg(SystemP_nortos.om4fg)
 *fill*         0x00009e09        0x3 
 .rodata.doPrint.str1.4
                0x00009e0c        0x7 C:/ti/simplelink_msp432e4_sdk_4_20_00_12/kernel/nortos\lib/nortos_msp432e4.am4fg(SystemP_nortos.om4fg)
 *fill*         0x00009e13        0x1 
 .rodata.g_pui32GPIOBaseAddrs
                0x00009e14       0x48 C:/ti/simplelink_msp432e4_sdk_4_20_00_12/source\ti/devices/msp432e4/driverlib/lib/gcc/m4f/msp432e4_driverlib.a(gpio.o)
 .rodata.g_pui32Regs
                0x00009e5c       0x9c C:/ti/simplelink_msp432e4_sdk_4_20_00_12/source\ti/devices/msp432e4/driverlib/lib/gcc/m4f/msp432e4_driverlib.a(interrupt.o)
 .rodata.g_pui32EnRegs
                0x00009ef8       0x14 C:/ti/simplelink_msp432e4_sdk_4_20_00_12/source\ti/devices/msp432e4/driverlib/lib/gcc/m4f/msp432e4_driverlib.a(interrupt.o)
 .rodata.g_pui32Dii16Regs
                0x00009f0c       0x14 C:/ti/simplelink_msp432e4_sdk_4_20_00_12/source\ti/devices/msp432e4/driverlib/lib/gcc/m4f/msp432e4_driverlib.a(interrupt.o)
 .rodata.g_pui32UnpendRegs
                0x00009f20       0x14 C:/ti/simplelink_msp432e4_sdk_4_20_00_12/source\ti/devices/msp432e4/driverlib/lib/gcc/m4f/msp432e4_driverlib.a(interrupt.o)
 .rodata.g_pui32Xtals
                0x00009f34       0x28 C:/ti/simplelink_msp432e4_sdk_4_20_00_12/source\ti/devices/msp432e4/driverlib/lib/gcc/m4f/msp432e4_driverlib.a(sysctl.o)
 .rodata.g_pppui32XTALtoVCO
                0x00009f5c      0x1b0 C:/ti/simplelink_msp432e4_sdk_4_20_00_12/source\ti/devices/msp432e4/driverlib/lib/gcc/m4f/msp432e4_driverlib.a(sysctl.o)
 .rodata.g_sXTALtoMEMTIM
                0x0000a10c       0x30 C:/ti/simplelink_msp432e4_sdk_4_20_00_12/source\ti/devices/msp432e4/driverlib/lib/gcc/m4f/msp432e4_driverlib.a(sysctl.o)
 .rodata.g_pui32VCOFrequencies
                0x0000a13c        0x8 C:/ti/simplelink_msp432e4_sdk_4_20_00_12/source\ti/devices/msp432e4/driverlib/lib/gcc/m4f/msp432e4_driverlib.a(sysctl.o)

.rel.dyn        0x0000a144        0x0
 .rel.iplt      0x0000a144        0x0 ./syscfg/ti_drivers_config.o

.data           0x20000000      0x1fc load address 0x0000a144
                0x0000a144                __data_load__ = LOADADDR (.data)
                0x20000000                __data_start__ = .
 *(.data)
 *(.data*)
 .data.gpioPinConfigs
                0x20000000        0x8 ./syscfg/ti_drivers_config.o
                0x20000000                gpioPinConfigs
 .data.output_width
                0x20000008        0x4 ./geometric_transform.o
                0x20000008                output_width
 .data.output_height
                0x2000000c        0x4 ./geometric_transform.o
                0x2000000c                output_height
 .data.black_B  0x20000010        0x1 ./image_processing.o
                0x20000010                black_B
 .data.black_G  0x20000011        0x1 ./image_processing.o
                0x20000011                black_G
 .data.black_R  0x20000012        0x1 ./image_processing.o
                0x20000012                black_R
 .data.green_B  0x20000013        0x1 ./image_processing.o
                0x20000013                green_B
 .data.green_G  0x20000014        0x1 ./image_processing.o
                0x20000014                green_G
 .data.green_R  0x20000015        0x1 ./image_processing.o
                0x20000015                green_R
 .data.white_B  0x20000016        0x1 ./image_processing.o
                0x20000016                white_B
 .data.white_G  0x20000017        0x1 ./image_processing.o
                0x20000017                white_G
 .data.white_R  0x20000018        0x1 ./image_processing.o
                0x20000018                white_R
 *fill*         0x20000019        0x3 
 .data.PowerMSP432E4_module
                0x2000001c      0x16c C:/ti/simplelink_msp432e4_sdk_4_20_00_12/source\ti/drivers/lib/drivers_msp432e4.am4fg(PowerMSP432E4.om4fg)
                0x2000001c                PowerMSP432E4_module
 .data.SemaphoreP_defaultParams
                0x20000188        0x8 C:/ti/simplelink_msp432e4_sdk_4_20_00_12/kernel/nortos\lib/nortos_msp432e4.am4fg(SemaphoreP_nortos.om4fg)
                0x20000188                SemaphoreP_defaultParams
 .data.ClockP_tickPeriod
                0x20000190        0x4 C:/ti/simplelink_msp432e4_sdk_4_20_00_12/kernel/nortos\lib/nortos_msp432e4.am4fg(ClockPSysTick_nortos.om4fg)
                0x20000190                ClockP_tickPeriod
 .data.HwiP_swiPIntNum
                0x20000194        0x4 C:/ti/simplelink_msp432e4_sdk_4_20_00_12/kernel/nortos\lib/nortos_msp432e4.am4fg(HwiPMSP432E4_nortos.om4fg)
                0x20000194                HwiP_swiPIntNum
 .data._impure_ptr
                0x20000198        0x4 c:/ti/ccs1020/ccs/tools/compiler/gcc-arm-none-eabi-9-2019-q4-major/bin/../lib/gcc/arm-none-eabi/9.2.1/../../../../arm-none-eabi/lib/thumb/v7e-m+fp/hard\libc_nano.a(lib_a-impure.o)
                0x20000198                _impure_ptr
 .data.impure_data
                0x2000019c       0x60 c:/ti/ccs1020/ccs/tools/compiler/gcc-arm-none-eabi-9-2019-q4-major/bin/../lib/gcc/arm-none-eabi/9.2.1/../../../../arm-none-eabi/lib/thumb/v7e-m+fp/hard\libc_nano.a(lib_a-impure.o)
                0x200001fc                . = ALIGN (0x4)
                0x200001fc                __data_end__ = .

.igot.plt       0x200001fc        0x0 load address 0x0000a340
 .igot.plt      0x200001fc        0x0 ./syscfg/ti_drivers_config.o

vtable          0x20000400      0x26c load address 0x0000a340
 vtable         0x20000400      0x26c C:/ti/simplelink_msp432e4_sdk_4_20_00_12/source\ti/devices/msp432e4/driverlib/lib/gcc/m4f/msp432e4_driverlib.a(interrupt.o)

.ARM.exidx      0x0000a5ac        0x0
                0x0000a5ac                __exidx_start = .
 *(.ARM.exidx* .gnu.linkonce.armexidx.*)
                0x0000a5ac                __exidx_end = .

.ARM.extab
 *(.ARM.extab* .gnu.linkonce.armextab.*)

.nvs
 *(.nvs)

.bss            0x20000800    0x1f020
                0x20000800                __bss_start__ = .
 *(.shbss)
 *(.bss)
 *(.bss.*)
 .bss.displayUARTBuffer
                0x20000800      0x400 ./syscfg/ti_drivers_config.o
 .bss.dmaControlTable
                0x20000c00      0x400 ./syscfg/ti_drivers_config.o
 .bss.gpioCallbackFunctions
                0x20001000        0x8 ./syscfg/ti_drivers_config.o
                0x20001000                gpioCallbackFunctions
 .bss.uartMSP432E4RingBuffer0
                0x20001008       0x20 ./syscfg/ti_drivers_config.o
 .bss.display   0x20001028        0x4 ./fatsdraw_nortos.o
 .bss.isInitialized
                0x2000102c        0x1 C:/ti/simplelink_msp432e4_sdk_4_20_00_12/source\ti/drivers/lib/drivers_msp432e4.am4fg(SDFatFS.om4fg)
 *fill*         0x2000102d        0x3 
 .bss.sdFatFSHandles
                0x20001030       0x10 C:/ti/simplelink_msp432e4_sdk_4_20_00_12/source\ti/drivers/lib/drivers_msp432e4.am4fg(SDFatFS.om4fg)
 .bss.gpioCallbackInfo
                0x20001040       0x90 C:/ti/simplelink_msp432e4_sdk_4_20_00_12/source\ti/drivers/lib/drivers_msp432e4.am4fg(GPIOMSP432E4.om4fg)
 .bss.initCalled
                0x200010d0        0x1 C:/ti/simplelink_msp432e4_sdk_4_20_00_12/source\ti/drivers/lib/drivers_msp432e4.am4fg(GPIOMSP432E4.om4fg)
 *fill*         0x200010d1        0x3 
 .bss.initSem.11228
                0x200010d4        0x4 C:/ti/simplelink_msp432e4_sdk_4_20_00_12/source\ti/drivers/lib/drivers_msp432e4.am4fg(GPIOMSP432E4.om4fg)
 .bss.portHwiCreatedBitMask
                0x200010d8        0x4 C:/ti/simplelink_msp432e4_sdk_4_20_00_12/source\ti/drivers/lib/drivers_msp432e4.am4fg(GPIOMSP432E4.om4fg)
 .bss.isInitialized
                0x200010dc        0x1 C:/ti/simplelink_msp432e4_sdk_4_20_00_12/source\ti/drivers/lib/drivers_msp432e4.am4fg(SPI.om4fg)
 .bss.isInitialized
                0x200010dd        0x1 C:/ti/simplelink_msp432e4_sdk_4_20_00_12/source\ti/drivers/lib/drivers_msp432e4.am4fg(UART.om4fg)
 .bss.isInitialized
                0x200010de        0x1 C:/ti/simplelink_msp432e4_sdk_4_20_00_12/source\ti/drivers/lib/drivers_msp432e4.am4fg(SD.om4fg)
 .bss.defChannelsSet
                0x200010df        0x1 C:/ti/simplelink_msp432e4_sdk_4_20_00_12/source\ti/drivers/lib/drivers_msp432e4.am4fg(UDMAMSP432E4.om4fg)
 .bss.dmaInitialized
                0x200010e0        0x1 C:/ti/simplelink_msp432e4_sdk_4_20_00_12/source\ti/drivers/lib/drivers_msp432e4.am4fg(UDMAMSP432E4.om4fg)
 *fill*         0x200010e1        0x3 
 .bss.drive_fxn_table
                0x200010e4       0x50 C:/ti/simplelink_msp432e4_sdk_4_20_00_12/source\third_party/fatfs/lib/gcc/m4f/fatfs.a(diskio.obj)
 .bss.FatFs     0x20001134       0x10 C:/ti/simplelink_msp432e4_sdk_4_20_00_12/source\third_party/fatfs/lib/gcc/m4f/fatfs.a(ff.obj)
 .bss.Fsid      0x20001144        0x2 C:/ti/simplelink_msp432e4_sdk_4_20_00_12/source\third_party/fatfs/lib/gcc/m4f/fatfs.a(ff.obj)
 .bss.SemaphoreP_initialized
                0x20001146        0x1 C:/ti/simplelink_msp432e4_sdk_4_20_00_12/kernel/nortos\lib/nortos_msp432e4.am4fg(SemaphoreP_nortos.om4fg)
 .bss.doEnablePolicy
                0x20001147        0x1 C:/ti/simplelink_msp432e4_sdk_4_20_00_12/kernel/nortos\lib/nortos_msp432e4.am4fg(SemaphoreP_nortos.om4fg)
 .bss.pendInProgress
                0x20001148        0x1 C:/ti/simplelink_msp432e4_sdk_4_20_00_12/kernel/nortos\lib/nortos_msp432e4.am4fg(SemaphoreP_nortos.om4fg)
 .bss.ClockP_initialized
                0x20001149        0x1 C:/ti/simplelink_msp432e4_sdk_4_20_00_12/kernel/nortos\lib/nortos_msp432e4.am4fg(ClockPSysTick_nortos.om4fg)
 *fill*         0x2000114a        0x2 
 .bss.sysTickPeriod
                0x2000114c        0x4 C:/ti/simplelink_msp432e4_sdk_4_20_00_12/kernel/nortos\lib/nortos_msp432e4.am4fg(ClockPSysTick_nortos.om4fg)
 .bss.HwiP_dispatchTable
                0x20001150      0x26c C:/ti/simplelink_msp432e4_sdk_4_20_00_12/kernel/nortos\lib/nortos_msp432e4.am4fg(HwiPMSP432E4_nortos.om4fg)
 .bss.__malloc_free_list
                0x200013bc        0x4 c:/ti/ccs1020/ccs/tools/compiler/gcc-arm-none-eabi-9-2019-q4-major/bin/../lib/gcc/arm-none-eabi/9.2.1/../../../../arm-none-eabi/lib/thumb/v7e-m+fp/hard\libc_nano.a(lib_a-nano-mallocr.o)
                0x200013bc                __malloc_free_list
 .bss.__malloc_sbrk_start
                0x200013c0        0x4 c:/ti/ccs1020/ccs/tools/compiler/gcc-arm-none-eabi-9-2019-q4-major/bin/../lib/gcc/arm-none-eabi/9.2.1/../../../../arm-none-eabi/lib/thumb/v7e-m+fp/hard\libc_nano.a(lib_a-nano-mallocr.o)
                0x200013c0                __malloc_sbrk_start
 .bss.heap_end.5507
                0x200013c4        0x4 c:/ti/ccs1020/ccs/tools/compiler/gcc-arm-none-eabi-9-2019-q4-major/bin/../lib/gcc/arm-none-eabi/9.2.1/../../../../arm-none-eabi/lib/thumb/v7e-m+fp/hard\libnosys.a(sbrk.o)
 *(COMMON)
 COMMON         0x200013c8      0x308 ./syscfg/ti_drivers_config.o
                0x200013c8                spiMSP432E4DMAObjects
                0x2000140c                sdspiObjects
                0x20001418                displayUartObject
                0x20001424                uartMSP432E4Objects
                0x20001488                udmaMSP432E4Object
                0x20001490                sdfatfsObjects
 COMMON         0x200016d0      0xc54 ./fatsdraw_nortos.o
                0x200016d0                cpy_buff
                0x20001ed4                dst
                0x200020fc                src
 COMMON         0x20002324       0x18 ./geometric_transform.o
                0x20002324                Aff5_M_data
 COMMON         0x2000233c    0x1d4c4 ./image_processing.o
                0x2000233c                pixel_i
                0x20002340                img
 COMMON         0x2001f800       0x10 C:/ti/simplelink_msp432e4_sdk_4_20_00_12/kernel/nortos\lib/nortos_msp432e4.am4fg(ClockPSysTick_nortos.om4fg)
                0x2001f800                ClockP_ctrl
 COMMON         0x2001f810        0x4 c:/ti/ccs1020/ccs/tools/compiler/gcc-arm-none-eabi-9-2019-q4-major/bin/../lib/gcc/arm-none-eabi/9.2.1/../../../../arm-none-eabi/lib/thumb/v7e-m+fp/hard\libc_nano.a(lib_a-reent.o)
                0x2001f810                errno
 COMMON         0x2001f814        0x9 c:/ti/ccs1020/ccs/tools/compiler/gcc-arm-none-eabi-9-2019-q4-major/bin/../lib/gcc/arm-none-eabi/9.2.1/../../../../arm-none-eabi/lib/thumb/v7e-m+fp/hard\libc_nano.a(lib_a-lock.o)
                0x2001f814                __lock___atexit_recursive_mutex
                0x2001f815                __lock___arc4random_mutex
                0x2001f816                __lock___env_recursive_mutex
                0x2001f817                __lock___sinit_recursive_mutex
                0x2001f818                __lock___malloc_recursive_mutex
                0x2001f819                __lock___at_quick_exit_mutex
                0x2001f81a                __lock___dd_hash_mutex
                0x2001f81b                __lock___tz_mutex
                0x2001f81c                __lock___sfp_recursive_mutex
                0x2001f820                . = ALIGN (0x4)
 *fill*         0x2001f81d        0x3 
                0x2001f820                __bss_end__ = .

.heap           0x2001f820        0x0
                0x2001f820                __heap_start__ = .
                0x2001f820                end = __heap_start__
                0x2001f820                _end = end
                0x2001f820                __end = end
 *(.heap)
                0x2001f820                __heap_end__ = .
                0x2001f820                __HeapLimit = __heap_end__

.stack          0x2001f820      0x800
                0x2001f820                _stack = .
                0x2001f820                __stack = .
 *(.stack)
                0x20020020                . = (. + STACKSIZE)
 *fill*         0x2001f820      0x800 
                0x20020020                _stack_end = .
                0x20020020                __stack_end = .
LOAD C:/Users/David/Documents/Arm/Packs/ARM/CMSIS/5.7.0/CMSIS/DSP/Lib/GCC/libarm_cortexM4lf_math.a
LOAD C:/ti/simplelink_msp432e4_sdk_4_20_00_12/source\ti/display/lib/display.am4fg
LOAD C:/ti/simplelink_msp432e4_sdk_4_20_00_12/source\ti/grlib/lib/gcc/m4f/grlib.a
LOAD C:/ti/simplelink_msp432e4_sdk_4_20_00_12/source\third_party/spiffs/lib/gcc/m4f/spiffs.a
LOAD C:/ti/simplelink_msp432e4_sdk_4_20_00_12/source\ti/drivers/lib/drivers_msp432e4.am4fg
LOAD C:/ti/simplelink_msp432e4_sdk_4_20_00_12/source\third_party/fatfs/lib/gcc/m4f/fatfs.a
LOAD C:/ti/simplelink_msp432e4_sdk_4_20_00_12/kernel/nortos\lib/nortos_msp432e4.am4fg
LOAD C:/ti/simplelink_msp432e4_sdk_4_20_00_12/source\ti/devices/msp432e4/driverlib/lib/gcc/m4f/msp432e4_driverlib.a
LOAD c:/ti/ccs1020/ccs/tools/compiler/gcc-arm-none-eabi-9-2019-q4-major/bin/../lib/gcc/arm-none-eabi/9.2.1/thumb/v7e-m+fp/hard\libgcc.a
LOAD c:/ti/ccs1020/ccs/tools/compiler/gcc-arm-none-eabi-9-2019-q4-major/bin/../lib/gcc/arm-none-eabi/9.2.1/../../../../arm-none-eabi/lib/thumb/v7e-m+fp/hard\libc_nano.a
LOAD c:/ti/ccs1020/ccs/tools/compiler/gcc-arm-none-eabi-9-2019-q4-major/bin/../lib/gcc/arm-none-eabi/9.2.1/../../../../arm-none-eabi/lib/thumb/v7e-m+fp/hard\libm.a
LOAD c:/ti/ccs1020/ccs/tools/compiler/gcc-arm-none-eabi-9-2019-q4-major/bin/../lib/gcc/arm-none-eabi/9.2.1/../../../../arm-none-eabi/lib/thumb/v7e-m+fp/hard\libnosys.a
START GROUP
LOAD c:/ti/ccs1020/ccs/tools/compiler/gcc-arm-none-eabi-9-2019-q4-major/bin/../lib/gcc/arm-none-eabi/9.2.1/thumb/v7e-m+fp/hard\libgcc.a
LOAD c:/ti/ccs1020/ccs/tools/compiler/gcc-arm-none-eabi-9-2019-q4-major/bin/../lib/gcc/arm-none-eabi/9.2.1/../../../../arm-none-eabi/lib/thumb/v7e-m+fp/hard\libg_nano.a
LOAD c:/ti/ccs1020/ccs/tools/compiler/gcc-arm-none-eabi-9-2019-q4-major/bin/../lib/gcc/arm-none-eabi/9.2.1/../../../../arm-none-eabi/lib/thumb/v7e-m+fp/hard\libc_nano.a
END GROUP
START GROUP
LOAD c:/ti/ccs1020/ccs/tools/compiler/gcc-arm-none-eabi-9-2019-q4-major/bin/../lib/gcc/arm-none-eabi/9.2.1/thumb/v7e-m+fp/hard\libgcc.a
LOAD c:/ti/ccs1020/ccs/tools/compiler/gcc-arm-none-eabi-9-2019-q4-major/bin/../lib/gcc/arm-none-eabi/9.2.1/../../../../arm-none-eabi/lib/thumb/v7e-m+fp/hard\libc_nano.a
END GROUP
OUTPUT(fatsdraw_MSP_EXP432E401Y_nortos_gcc.out elf32-littlearm)

.debug_info     0x00000000    0x26b36